
Discarded input sections

 .text          0x00000000        0x0 build/obj/Base.o
 .data          0x00000000        0x0 build/obj/Base.o
 .bss           0x00000000        0x0 build/obj/Base.o
 .text.gptDelayUs2
                0x00000000       0x30 build/obj/Base.o
 .text          0x00000000        0x0 build/obj/accel.o
 .data          0x00000000        0x0 build/obj/accel.o
 .bss           0x00000000        0x0 build/obj/accel.o
 .text.initAccel
                0x00000000       0xb0 build/obj/accel.o
 .text.writeAccel
                0x00000000       0xb0 build/obj/accel.o
 .text.visualInclination
                0x00000000      0x100 build/obj/accel.o
 .text.readAccel
                0x00000000       0xf0 build/obj/accel.o
 .text.itoa     0x00000000       0xe0 build/obj/accel.o
 .debug_info    0x00000000      0x63d build/obj/accel.o
 .debug_abbrev  0x00000000      0x18b build/obj/accel.o
 .debug_aranges
                0x00000000       0x40 build/obj/accel.o
 .debug_ranges  0x00000000       0x30 build/obj/accel.o
 .debug_line    0x00000000      0x2b1 build/obj/accel.o
 .debug_str     0x00000000      0x417 build/obj/accel.o
 .comment       0x00000000       0x71 build/obj/accel.o
 .ARM.attributes
                0x00000000       0x39 build/obj/accel.o
 .debug_frame   0x00000000       0x94 build/obj/accel.o
 .text          0x00000000        0x0 build/obj/analog.o
 .data          0x00000000        0x0 build/obj/analog.o
 .bss           0x00000000        0x0 build/obj/analog.o
 .text.initADC  0x00000000       0xa0 build/obj/analog.o
 .text.readIN8  0x00000000       0x40 build/obj/analog.o
 .text.readChannel
                0x00000000       0x40 build/obj/analog.o
 .text.readT    0x00000000       0x60 build/obj/analog.o
 .text.readVdd  0x00000000       0x30 build/obj/analog.o
 .debug_info    0x00000000      0x598 build/obj/analog.o
 .debug_abbrev  0x00000000      0x15b build/obj/analog.o
 .debug_aranges
                0x00000000       0x40 build/obj/analog.o
 .debug_ranges  0x00000000       0x30 build/obj/analog.o
 .debug_line    0x00000000      0x1ee build/obj/analog.o
 .debug_str     0x00000000      0x406 build/obj/analog.o
 .comment       0x00000000       0x71 build/obj/analog.o
 .ARM.attributes
                0x00000000       0x39 build/obj/analog.o
 .debug_frame   0x00000000       0x80 build/obj/analog.o
 .text          0x00000000        0x0 build/obj/comms.o
 .data          0x00000000        0x0 build/obj/comms.o
 .bss           0x00000000        0x0 build/obj/comms.o
 .text.sendMessage
                0x00000000      0x100 build/obj/comms.o
 .text          0x00000000        0x0 build/obj/encoder.o
 .data          0x00000000        0x0 build/obj/encoder.o
 .bss           0x00000000        0x0 build/obj/encoder.o
 .text.initEncoder
                0x00000000       0x90 build/obj/encoder.o
 .text          0x00000000        0x0 build/obj/int.o
 .data          0x00000000        0x0 build/obj/int.o
 .bss           0x00000000        0x0 build/obj/int.o
 .rodata        0x00000000       0x10 build/obj/int.o
 .text.interruptTest
                0x00000000       0xc0 build/obj/int.o
 .text          0x00000000        0x0 build/obj/lcd.o
 .data          0x00000000        0x0 build/obj/lcd.o
 .bss           0x00000000        0x0 build/obj/lcd.o
 .text.LCD_Backlight
                0x00000000       0x30 build/obj/lcd.o
 .text.LCD_ClearDisplay
                0x00000000       0x20 build/obj/lcd.o
 .text.LCD_Config
                0x00000000       0x50 build/obj/lcd.o
 .text.LCD_GotoXY
                0x00000000       0x50 build/obj/lcd.o
 .text.LCD_CustomChar
                0x00000000       0xf0 build/obj/lcd.o
 .text          0x00000000        0x0 build/obj/process.o
 .data          0x00000000        0x0 build/obj/process.o
 .bss           0x00000000        0x0 build/obj/process.o
 .bss.waChild1  0x00000000      0x1b0 build/obj/process.o
 .bss.waChild2  0x00000000      0x1b0 build/obj/process.o
 .bss.waChild3  0x00000000      0x1b0 build/obj/process.o
 .text.test4threads
                0x00000000       0x90 build/obj/process.o
 .text.thChild  0x00000000       0x90 build/obj/process.o
 .text.busyWait
                0x00000000       0x40 build/obj/process.o
 .debug_info    0x00000000      0x2e0 build/obj/process.o
 .debug_abbrev  0x00000000      0x128 build/obj/process.o
 .debug_aranges
                0x00000000       0x30 build/obj/process.o
 .debug_ranges  0x00000000       0x20 build/obj/process.o
 .debug_line    0x00000000      0x234 build/obj/process.o
 .debug_str     0x00000000      0x2cc build/obj/process.o
 .comment       0x00000000       0x71 build/obj/process.o
 .ARM.attributes
                0x00000000       0x39 build/obj/process.o
 .debug_frame   0x00000000       0x5c build/obj/process.o
 .text          0x00000000        0x0 build/obj/mutexes.o
[...]
Memory Configuration

Name             Origin             Length             Attributes
flash            0x20000000         0x00010000
ram              0x20010000         0x0000c000
ethram           0x2001c000         0x00004000
ccmram           0x10000000         0x00010000
*default*        0x00000000         0xffffffff

Linker script and memory map

LOAD build/obj/Base.o
LOAD build/obj/accel.o
LOAD build/obj/analog.o
LOAD build/obj/comms.o
LOAD build/obj/encoder.o
LOAD build/obj/int.o
LOAD build/obj/lcd.o
LOAD build/obj/process.o
LOAD build/obj/mutexes.o
LOAD build/obj/main.o
LOAD C:/STM32v2/Objects/Ram/crt0.o
LOAD C:/STM32v2/Objects/Ram/vectors.o
LOAD C:/STM32v2/Objects/Ram/chcore.o
LOAD C:/STM32v2/Objects/Ram/chcore_v7m.o
LOAD C:/STM32v2/Objects/Ram/nvic.o
LOAD C:/STM32v2/Objects/Ram/chsys.o
LOAD C:/STM32v2/Objects/Ram/chdebug.o
LOAD C:/STM32v2/Objects/Ram/chlists.o
LOAD C:/STM32v2/Objects/Ram/chvt.o
LOAD C:/STM32v2/Objects/Ram/chschd.o
LOAD C:/STM32v2/Objects/Ram/chthreads.o
LOAD C:/STM32v2/Objects/Ram/chdynamic.o
LOAD C:/STM32v2/Objects/Ram/chregistry.o
LOAD C:/STM32v2/Objects/Ram/chsem.o
LOAD C:/STM32v2/Objects/Ram/chmtx.o
LOAD C:/STM32v2/Objects/Ram/chcond.o
LOAD C:/STM32v2/Objects/Ram/chevents.o
LOAD C:/STM32v2/Objects/Ram/chmsg.o
LOAD C:/STM32v2/Objects/Ram/chmboxes.o
LOAD C:/STM32v2/Objects/Ram/chqueues.o
LOAD C:/STM32v2/Objects/Ram/chmemcore.o
LOAD C:/STM32v2/Objects/Ram/chheap.o
LOAD C:/STM32v2/Objects/Ram/chmempools.o
LOAD C:/STM32v2/Objects/Ram/hal.o
LOAD C:/STM32v2/Objects/Ram/adc.o
LOAD C:/STM32v2/Objects/Ram/can.o
LOAD C:/STM32v2/Objects/Ram/ext.o
LOAD C:/STM32v2/Objects/Ram/gpt.o
LOAD C:/STM32v2/Objects/Ram/i2c.o
LOAD C:/STM32v2/Objects/Ram/icu.o
LOAD C:/STM32v2/Objects/Ram/mac.o
LOAD C:/STM32v2/Objects/Ram/mmc_spi.o
LOAD C:/STM32v2/Objects/Ram/mmcsd.o
LOAD C:/STM32v2/Objects/Ram/pal.o
LOAD C:/STM32v2/Objects/Ram/pwm.o
LOAD C:/STM32v2/Objects/Ram/rtc.o
LOAD C:/STM32v2/Objects/Ram/sdc.o
LOAD C:/STM32v2/Objects/Ram/serial.o
LOAD C:/STM32v2/Objects/Ram/serial_usb.o
LOAD C:/STM32v2/Objects/Ram/spi.o
LOAD C:/STM32v2/Objects/Ram/tm.o
LOAD C:/STM32v2/Objects/Ram/uart.o
LOAD C:/STM32v2/Objects/Ram/usb.o
LOAD C:/STM32v2/Objects/Ram/stm32_dma.o
LOAD C:/STM32v2/Objects/Ram/hal_lld.o
LOAD C:/STM32v2/Objects/Ram/adc_lld.o
LOAD C:/STM32v2/Objects/Ram/ext_lld_isr.o
LOAD C:/STM32v2/Objects/Ram/can_lld.o
LOAD C:/STM32v2/Objects/Ram/ext_lld.o
LOAD C:/STM32v2/Objects/Ram/mac_lld.o
LOAD C:/STM32v2/Objects/Ram/sdc_lld.o
LOAD C:/STM32v2/Objects/Ram/pal_lld.o
LOAD C:/STM32v2/Objects/Ram/i2c_lld.o
LOAD C:/STM32v2/Objects/Ram/usb_lld.o
LOAD C:/STM32v2/Objects/Ram/rtc_lld.o
LOAD C:/STM32v2/Objects/Ram/spi_lld.o
LOAD C:/STM32v2/Objects/Ram/gpt_lld.o
LOAD C:/STM32v2/Objects/Ram/icu_lld.o
LOAD C:/STM32v2/Objects/Ram/pwm_lld.o
LOAD C:/STM32v2/Objects/Ram/serial_lld.o
LOAD C:/STM32v2/Objects/Ram/uart_lld.o
LOAD C:/STM32v2/Objects/Ram/board.o
LOAD c:/stm32v2/gnu-arm/bin/../lib/gcc/arm-none-eabi/4.8.3/../../../../arm-none-eabi/lib/armv7e-m\libm.a
START GROUP
LOAD c:/stm32v2/gnu-arm/bin/../lib/gcc/arm-none-eabi/4.8.3/armv7e-m\libgcc.a
LOAD c:/stm32v2/gnu-arm/bin/../lib/gcc/arm-none-eabi/4.8.3/../../../../arm-none-eabi/lib/armv7e-m\libc.a
END GROUP
                0x00000400                __main_stack_size__ = 0x400
                0x00000400                __process_stack_size__ = 0x400
                0x20010000                __ram_start__ = ORIGIN (ram)
                0x0000c000                __ram_size__ = 0xc000
                0x2001c000                __ram_end__ = (__ram_start__ + __ram_size__)
                0x00000000                . = 0x0
                0x00000000                _text = .

startup         0x20000000      0x188
 *(vectors)
 vectors        0x20000000      0x188 C:/STM32v2/Objects/Ram/vectors.o
                0x20000000                _vectors

constructors    0x20000188        0x0
                0x20000188                PROVIDE (__init_array_start, .)
 *(SORT(.init_array.*))
 *(.init_array)
                0x20000188                PROVIDE (__init_array_end, .)

destructors     0x20000188        0x0
                0x20000188                PROVIDE (__fini_array_start, .)
 *(.fini_array)
 *(SORT(.fini_array.*))
                0x20000188                PROVIDE (__fini_array_end, .)

.text           0x20000190     0x310c
 *(.text.startup.*)
 *(.text)
 *(.text.*)
 .text.gptDelayUs
                0x20000190       0x30 build/obj/Base.o
                0x20000190                gptDelayUs
 .text.baseInit
                0x200001c0       0x30 build/obj/Base.o
                0x200001c0                baseInit
 .text.GPIO_ModePushPull
                0x200001f0      0x120 build/obj/comms.o
 .text.GPIO_ModeInput
                0x20000310       0x60 build/obj/comms.o
 .text.clkGeneration
                0x20000370       0x70 build/obj/comms.o
 .text.initComms
                0x200003e0       0xe0 build/obj/comms.o
                0x200003e0                initComms
 .text.processMessage
                0x200004c0       0xc0 build/obj/comms.o
 .text.Vector9C
                0x20000580       0x60 build/obj/comms.o
                0x20000580                Vector9C
 .text.VectorE0
                0x200005e0       0xb0 build/obj/comms.o
                0x200005e0                VectorE0
 .text.Vector5C
                0x20000690       0x70 build/obj/encoder.o
                0x20000690                Vector5C
 .text.Vector64
                0x20000700       0x30 build/obj/encoder.o
                0x20000700                Vector64
 .text.Vector58
                0x20000730       0x30 build/obj/int.o
                0x20000730                Vector58
 .text.lcdGPIOInit
                0x20000760       0x30 build/obj/lcd.o
 .text.GPIO_ModePushPull
                0x20000790       0x50 build/obj/lcd.o
                0x20000790                GPIO_ModePushPull
 .text.lcdNibble
                0x200007e0       0x90 build/obj/lcd.o
 .text.LCD_SendChar
                0x20000870       0x50 build/obj/lcd.o
                0x20000870                LCD_SendChar
 .text.LCD_SendString
                0x200008c0       0x40 build/obj/lcd.o
                0x200008c0                LCD_SendString
 .text.LCD_Init
                0x20000900       0xb0 build/obj/lcd.o
                0x20000900                LCD_Init
 .text.main     0x200009b0       0x10 build/obj/main.o
                0x200009b0                main
 .text.__late_init
                0x200009c0       0x10 C:/STM32v2/Objects/Ram/crt0.o
                0x200009c0                __late_init
 .text._default_exit
                0x200009d0       0x10 C:/STM32v2/Objects/Ram/crt0.o
                0x200009d0                _default_exit
 .text.ResetHandler
                0x200009e0      0x100 C:/STM32v2/Objects/Ram/crt0.o
                0x200009e0                ResetHandler
 .text._unhandled_exception
                0x20000ae0       0x10 C:/STM32v2/Objects/Ram/vectors.o
                0x20000ae0                VectorE8
                0x20000ae0                VectorAC
                0x20000ae0                NMIVector
                0x20000ae0                Vector11C
                0x20000ae0                Vector8C
                0x20000ae0                VectorDC
                0x20000ae0                Vector168
                0x20000ae0                Vector110
                0x20000ae0                VectorC8
                0x20000ae0                Vector94
                0x20000ae0                VectorA8
                0x20000ae0                Vector160
                0x20000ae0                VectorEC
                0x20000ae0                UsageFaultVector
                0x20000ae0                DebugMonitorVector
                0x20000ae0                Vector40
                0x20000ae0                VectorF8
                0x20000ae0                VectorBC
                0x20000ae0                Vector148
                0x20000ae0                PendSVVector
                0x20000ae0                Vector118
                0x20000ae0                VectorCC
                0x20000ae0                Vector54
                0x20000ae0                Vector98
                0x20000ae0                Vector138
                0x20000ae0                Vector24
                0x20000ae0                Vector178
                0x20000ae0                BusFaultVector
                0x20000ae0                VectorD0
                0x20000ae0                Vector140
                0x20000ae0                VectorE4
                0x20000ae0                VectorC0
                0x20000ae0                HardFaultVector
                0x20000ae0                Vector134
                0x20000ae0                VectorF0
                0x20000ae0                Vector13C
                0x20000ae0                Vector100
                0x20000ae0                VectorF4
                0x20000ae0                MemManageVector
                0x20000ae0                VectorC4
                0x20000ae0                Vector180
                0x20000ae0                Vector90
                0x20000ae0                Vector114
                0x20000ae0                Vector164
                0x20000ae0                Vector60
                0x20000ae0                Vector1C
                0x20000ae0                Vector17C
                0x20000ae0                Vector48
                0x20000ae0                Vector16C
                0x20000ae0                VectorD4
                0x20000ae0                Vector4C
                0x20000ae0                Vector144
                0x20000ae0                Vector15C
                0x20000ae0                Vector68
                0x20000ae0                _unhandled_exception
                0x20000ae0                Vector170
                0x20000ae0                Vector104
                0x20000ae0                Vector184
                0x20000ae0                Vector10C
                0x20000ae0                Vector14C
                0x20000ae0                Vector50
                0x20000ae0                Vector44
                0x20000ae0                Vector28
                0x20000ae0                Vector34
                0x20000ae0                VectorA4
                0x20000ae0                Vector20
                0x20000ae0                Vector174
 .text.SysTickVector
                0x20000af0       0x20 C:/STM32v2/Objects/Ram/chcore_v7m.o
                0x20000af0                SysTickVector
 .text.SVCallVector
                0x20000b10       0x40 C:/STM32v2/Objects/Ram/chcore_v7m.o
                0x20000b10                SVCallVector
 .text._port_init
                0x20000b50       0x40 C:/STM32v2/Objects/Ram/chcore_v7m.o
                0x20000b50                _port_init
 .text._port_irq_epilogue
                0x20000b90       0xc0 C:/STM32v2/Objects/Ram/chcore_v7m.o
                0x20000b90                _port_irq_epilogue
 .text._port_switch_from_isr
                0x20000c50       0x10 C:/STM32v2/Objects/Ram/chcore_v7m.o
                0x20000c50                _port_switch_from_isr
 .text._port_switch
                0x20000c60       0x20 C:/STM32v2/Objects/Ram/chcore_v7m.o
                0x20000c60                _port_switch
 .text._port_thread_start
                0x20000c80       0x10 C:/STM32v2/Objects/Ram/chcore_v7m.o
                0x20000c80                _port_thread_start
 .text.nvicEnableVector
                0x20000c90       0x80 C:/STM32v2/Objects/Ram/nvic.o
                0x20000c90                nvicEnableVector
 .text.nvicSetSystemHandlerPriority
                0x20000d10       0x50 C:/STM32v2/Objects/Ram/nvic.o
                0x20000d10                nvicSetSystemHandlerPriority
 .text._idle_thread
                0x20000d60       0x20 C:/STM32v2/Objects/Ram/chsys.o
                0x20000d60                _idle_thread
 .text.chSysInit
                0x20000d80       0x70 C:/STM32v2/Objects/Ram/chsys.o
                0x20000d80                chSysInit
 .text.chSysTimerHandlerI
                0x20000df0       0x90 C:/STM32v2/Objects/Ram/chsys.o
                0x20000df0                chSysTimerHandlerI
 .text._vt_init
                0x20000e80       0x30 C:/STM32v2/Objects/Ram/chvt.o
                0x20000e80                _vt_init
 .text.chVTSetI
                0x20000eb0       0x90 C:/STM32v2/Objects/Ram/chvt.o
                0x20000eb0                chVTSetI
 .text.chVTResetI
                0x20000f40       0x50 C:/STM32v2/Objects/Ram/chvt.o
                0x20000f40                chVTResetI
 .text.fifo_remove
                0x20000f90       0x30 C:/STM32v2/Objects/Ram/chschd.o
 .text.dequeue  0x20000fc0       0x20 C:/STM32v2/Objects/Ram/chschd.o
 .text._scheduler_init
                0x20000fe0       0x30 C:/STM32v2/Objects/Ram/chschd.o
                0x20000fe0                _scheduler_init
 .text.chSchReadyI
                0x20001010       0x60 C:/STM32v2/Objects/Ram/chschd.o
                0x20001010                chSchReadyI
 .text.chSchGoSleepS
                0x20001070       0x50 C:/STM32v2/Objects/Ram/chschd.o
                0x20001070                chSchGoSleepS
 .text.wakeup   0x200010c0       0x90 C:/STM32v2/Objects/Ram/chschd.o
 .text.chSchGoSleepTimeoutS
                0x20001150       0x60 C:/STM32v2/Objects/Ram/chschd.o
                0x20001150                chSchGoSleepTimeoutS
 .text.chSchWakeupS
                0x200011b0       0x50 C:/STM32v2/Objects/Ram/chschd.o
                0x200011b0                chSchWakeupS
 .text.chSchRescheduleS
                0x20001200       0x20 C:/STM32v2/Objects/Ram/chschd.o
                0x20001200                chSchRescheduleS
 .text.chSchDoRescheduleBehind
                0x20001220       0x40 C:/STM32v2/Objects/Ram/chschd.o
                0x20001220                chSchDoRescheduleBehind
 .text.chSchDoRescheduleAhead
                0x20001260       0x70 C:/STM32v2/Objects/Ram/chschd.o
                0x20001260                chSchDoRescheduleAhead
 .text.chSchDoReschedule
                0x200012d0       0x20 C:/STM32v2/Objects/Ram/chschd.o
                0x200012d0                chSchDoReschedule
 .text.list_remove
                0x200012f0       0x20 C:/STM32v2/Objects/Ram/chthreads.o
 .text._thread_init
                0x20001310       0x90 C:/STM32v2/Objects/Ram/chthreads.o
                0x20001310                _thread_init
 .text.chThdCreateI
                0x200013a0       0x70 C:/STM32v2/Objects/Ram/chthreads.o
                0x200013a0                chThdCreateI
 .text.chThdCreateStatic
                0x20001410       0x40 C:/STM32v2/Objects/Ram/chthreads.o
                0x20001410                chThdCreateStatic
 .text.chThdSleep
                0x20001450       0x20 C:/STM32v2/Objects/Ram/chthreads.o
                0x20001450                chThdSleep
 .text.chThdExit
                0x20001470       0x20 C:/STM32v2/Objects/Ram/chthreads.o
                0x20001470                chThdExit
 .text.chThdExitS
                0x20001490       0x70 C:/STM32v2/Objects/Ram/chthreads.o
                0x20001490                chThdExitS
 .text.queue_insert
                0x20001500       0x30 C:/STM32v2/Objects/Ram/chsem.o
 .text.fifo_remove
                0x20001530       0x30 C:/STM32v2/Objects/Ram/chsem.o
 .text.chSemInit
                0x20001560       0x30 C:/STM32v2/Objects/Ram/chsem.o
                0x20001560                chSemInit
 .text.chSemWait
                0x20001590       0x30 C:/STM32v2/Objects/Ram/chsem.o
                0x20001590                chSemWait
 .text.chSemWaitS
                0x200015c0       0x70 C:/STM32v2/Objects/Ram/chsem.o
                0x200015c0                chSemWaitS
 .text.chSemSignalI
                0x20001630       0x60 C:/STM32v2/Objects/Ram/chsem.o
                0x20001630                chSemSignalI
 .text.chMtxInit
                0x20001690       0x20 C:/STM32v2/Objects/Ram/chmtx.o
                0x20001690                chMtxInit
 .text.chEvtBroadcastFlagsI
                0x200016b0       0x40 C:/STM32v2/Objects/Ram/chevents.o
                0x200016b0                chEvtBroadcastFlagsI
 .text.chEvtSignalI
                0x200016f0       0x60 C:/STM32v2/Objects/Ram/chevents.o
                0x200016f0                chEvtSignalI
 .text.queue_insert
                0x20001750       0x30 C:/STM32v2/Objects/Ram/chqueues.o
 .text.fifo_remove
                0x20001780       0x30 C:/STM32v2/Objects/Ram/chqueues.o
 .text.qwait    0x200017b0       0x40 C:/STM32v2/Objects/Ram/chqueues.o
 .text.chIQInit
                0x200017f0       0x50 C:/STM32v2/Objects/Ram/chqueues.o
                0x200017f0                chIQInit
 .text.chIQPutI
                0x20001840       0x90 C:/STM32v2/Objects/Ram/chqueues.o
                0x20001840                chIQPutI
 .text.chIQGetTimeout
                0x200018d0       0x90 C:/STM32v2/Objects/Ram/chqueues.o
                0x200018d0                chIQGetTimeout
 .text.chIQReadTimeout
                0x20001960       0xb0 C:/STM32v2/Objects/Ram/chqueues.o
                0x20001960                chIQReadTimeout
 .text.chOQInit
                0x20001a10       0x50 C:/STM32v2/Objects/Ram/chqueues.o
                0x20001a10                chOQInit
 .text.chOQPutTimeout
                0x20001a60       0x90 C:/STM32v2/Objects/Ram/chqueues.o
                0x20001a60                chOQPutTimeout
 .text.chOQGetI
                0x20001af0       0x90 C:/STM32v2/Objects/Ram/chqueues.o
                0x20001af0                chOQGetI
 .text.chOQWriteTimeout
                0x20001b80       0xb0 C:/STM32v2/Objects/Ram/chqueues.o
                0x20001b80                chOQWriteTimeout
 .text._core_init
                0x20001c30       0x30 C:/STM32v2/Objects/Ram/chmemcore.o
                0x20001c30                _core_init
 .text.chCoreAlloc
                0x20001c60       0x30 C:/STM32v2/Objects/Ram/chmemcore.o
                0x20001c60                chCoreAlloc
 .text.chCoreAllocI
                0x20001c90       0x50 C:/STM32v2/Objects/Ram/chmemcore.o
                0x20001c90                chCoreAllocI
 .text._heap_init
                0x20001ce0       0x30 C:/STM32v2/Objects/Ram/chheap.o
                0x20001ce0                _heap_init
 .text.halInit  0x20001d10       0x30 C:/STM32v2/Objects/Ram/hal.o
                0x20001d10                halInit
 .text.adcInit  0x20001d40       0x10 C:/STM32v2/Objects/Ram/adc.o
                0x20001d40                adcInit
 .text.adcObjectInit
                0x20001d50       0x40 C:/STM32v2/Objects/Ram/adc.o
                0x20001d50                adcObjectInit
 .text.gptInit  0x20001d90       0x10 C:/STM32v2/Objects/Ram/gpt.o
                0x20001d90                gptInit
 .text.gptObjectInit
                0x20001da0       0x20 C:/STM32v2/Objects/Ram/gpt.o
                0x20001da0                gptObjectInit
 .text.gptStart
                0x20001dc0       0x50 C:/STM32v2/Objects/Ram/gpt.o
                0x20001dc0                gptStart
 .text.gptPolledDelay
                0x20001e10       0x30 C:/STM32v2/Objects/Ram/gpt.o
                0x20001e10                gptPolledDelay
 .text.pwmInit  0x20001e40       0x10 C:/STM32v2/Objects/Ram/pwm.o
                0x20001e40                pwmInit
 .text.pwmObjectInit
                0x20001e50       0x20 C:/STM32v2/Objects/Ram/pwm.o
                0x20001e50                pwmObjectInit
 .text.write    0x20001e70       0x30 C:/STM32v2/Objects/Ram/serial.o
 .text.read     0x20001ea0       0x30 C:/STM32v2/Objects/Ram/serial.o
 .text.put      0x20001ed0       0x30 C:/STM32v2/Objects/Ram/serial.o
 .text.get      0x20001f00       0x20 C:/STM32v2/Objects/Ram/serial.o
 .text.putt     0x20001f20       0x30 C:/STM32v2/Objects/Ram/serial.o
 .text.gett     0x20001f50       0x20 C:/STM32v2/Objects/Ram/serial.o
 .text.writet   0x20001f70       0x30 C:/STM32v2/Objects/Ram/serial.o
 .text.readt    0x20001fa0       0x30 C:/STM32v2/Objects/Ram/serial.o
 .text.sdInit   0x20001fd0       0x10 C:/STM32v2/Objects/Ram/serial.o
                0x20001fd0                sdInit
 .text.sdObjectInit
                0x20001fe0       0x60 C:/STM32v2/Objects/Ram/serial.o
                0x20001fe0                sdObjectInit
 .text.sdIncomingDataI
                0x20002040       0x50 C:/STM32v2/Objects/Ram/serial.o
                0x20002040                sdIncomingDataI
 .text.spiInit  0x20002090       0x10 C:/STM32v2/Objects/Ram/spi.o
                0x20002090                spiInit
 .text.spiObjectInit
                0x200020a0       0x30 C:/STM32v2/Objects/Ram/spi.o
                0x200020a0                spiObjectInit
 .text.Vector6C
                0x200020d0       0x40 C:/STM32v2/Objects/Ram/stm32_dma.o
                0x200020d0                Vector6C
 .text.Vector70
                0x20002110       0x40 C:/STM32v2/Objects/Ram/stm32_dma.o
                0x20002110                Vector70
 .text.Vector74
                0x20002150       0x40 C:/STM32v2/Objects/Ram/stm32_dma.o
                0x20002150                Vector74
 .text.Vector78
                0x20002190       0x40 C:/STM32v2/Objects/Ram/stm32_dma.o
                0x20002190                Vector78
 .text.Vector7C
                0x200021d0       0x40 C:/STM32v2/Objects/Ram/stm32_dma.o
                0x200021d0                Vector7C
 .text.Vector80
                0x20002210       0x40 C:/STM32v2/Objects/Ram/stm32_dma.o
                0x20002210                Vector80
 .text.Vector84
                0x20002250       0x40 C:/STM32v2/Objects/Ram/stm32_dma.o
                0x20002250                Vector84
 .text.VectorFC
                0x20002290       0x40 C:/STM32v2/Objects/Ram/stm32_dma.o
                0x20002290                VectorFC
 .text.Vector120
                0x200022d0       0x40 C:/STM32v2/Objects/Ram/stm32_dma.o
                0x200022d0                Vector120
 .text.Vector124
                0x20002310       0x40 C:/STM32v2/Objects/Ram/stm32_dma.o
                0x20002310                Vector124
 .text.Vector128
                0x20002350       0x40 C:/STM32v2/Objects/Ram/stm32_dma.o
                0x20002350                Vector128
 .text.Vector12C
                0x20002390       0x40 C:/STM32v2/Objects/Ram/stm32_dma.o
                0x20002390                Vector12C
 .text.Vector130
                0x200023d0       0x40 C:/STM32v2/Objects/Ram/stm32_dma.o
                0x200023d0                Vector130
 .text.Vector150
                0x20002410       0x40 C:/STM32v2/Objects/Ram/stm32_dma.o
                0x20002410                Vector150
 .text.Vector154
                0x20002450       0x40 C:/STM32v2/Objects/Ram/stm32_dma.o
                0x20002450                Vector154
 .text.Vector158
                0x20002490       0x40 C:/STM32v2/Objects/Ram/stm32_dma.o
                0x20002490                Vector158
 .text.dmaInit  0x200024d0       0x70 C:/STM32v2/Objects/Ram/stm32_dma.o
                0x200024d0                dmaInit
 .text.hal_lld_backup_domain_init
                0x20002540       0x40 C:/STM32v2/Objects/Ram/hal_lld.o
 .text.hal_lld_init
                0x20002580       0xa0 C:/STM32v2/Objects/Ram/hal_lld.o
                0x20002580                hal_lld_init
 .text.stm32_clock_init
                0x20002620      0x110 C:/STM32v2/Objects/Ram/hal_lld.o
                0x20002620                stm32_clock_init
 .text.Vector88
                0x20002730      0x140 C:/STM32v2/Objects/Ram/adc_lld.o
                0x20002730                Vector88
 .text.adc_lld_init
                0x20002870       0x60 C:/STM32v2/Objects/Ram/adc_lld.o
                0x20002870                adc_lld_init
 .text.adc_lld_stop_conversion
                0x200028d0       0x60 C:/STM32v2/Objects/Ram/adc_lld.o
                0x200028d0                adc_lld_stop_conversion
 .text.initgpio
                0x20002930       0x50 C:/STM32v2/Objects/Ram/pal_lld.o
 .text._pal_lld_init
                0x20002980       0xc0 C:/STM32v2/Objects/Ram/pal_lld.o
                0x20002980                _pal_lld_init
 .text.spi_lld_init
                0x20002a40       0x90 C:/STM32v2/Objects/Ram/spi_lld.o
                0x20002a40                spi_lld_init
 .text.gpt_lld_serve_interrupt
                0x20002ad0       0x40 C:/STM32v2/Objects/Ram/gpt_lld.o
 .text.Vector108
                0x20002b10       0x20 C:/STM32v2/Objects/Ram/gpt_lld.o
                0x20002b10                Vector108
 .text.VectorA0
                0x20002b30       0x20 C:/STM32v2/Objects/Ram/gpt_lld.o
                0x20002b30                VectorA0
 .text.gpt_lld_init
                0x20002b50       0x30 C:/STM32v2/Objects/Ram/gpt_lld.o
                0x20002b50                gpt_lld_init
 .text.gpt_lld_start
                0x20002b80       0xe0 C:/STM32v2/Objects/Ram/gpt_lld.o
                0x20002b80                gpt_lld_start
 .text.gpt_lld_stop_timer
                0x20002c60       0x30 C:/STM32v2/Objects/Ram/gpt_lld.o
                0x20002c60                gpt_lld_stop_timer
 .text.gpt_lld_polled_delay
                0x20002c90       0x40 C:/STM32v2/Objects/Ram/gpt_lld.o
                0x20002c90                gpt_lld_polled_delay
 .text.pwm_lld_serve_interrupt
                0x20002cd0       0xb0 C:/STM32v2/Objects/Ram/pwm_lld.o
 .text.VectorB0
                0x20002d80       0x20 C:/STM32v2/Objects/Ram/pwm_lld.o
                0x20002d80                VectorB0
 .text.VectorB4
                0x20002da0       0x20 C:/STM32v2/Objects/Ram/pwm_lld.o
                0x20002da0                VectorB4
 .text.VectorB8
                0x20002dc0       0x20 C:/STM32v2/Objects/Ram/pwm_lld.o
                0x20002dc0                VectorB8
 .text.pwm_lld_init
                0x20002de0       0x40 C:/STM32v2/Objects/Ram/pwm_lld.o
                0x20002de0                pwm_lld_init
 .text.set_error
                0x20002e20       0x80 C:/STM32v2/Objects/Ram/serial_lld.o
 .text.serve_interrupt
                0x20002ea0      0x140 C:/STM32v2/Objects/Ram/serial_lld.o
 .text.notify2  0x20002fe0       0x20 C:/STM32v2/Objects/Ram/serial_lld.o
 .text.VectorD8
                0x20003000       0x20 C:/STM32v2/Objects/Ram/serial_lld.o
                0x20003000                VectorD8
 .text.sd_lld_init
                0x20003020       0x20 C:/STM32v2/Objects/Ram/serial_lld.o
                0x20003020                sd_lld_init
 .text.__early_init
                0x20003040       0x10 C:/STM32v2/Objects/Ram/board.o
                0x20003040                __early_init
 .text.boardInit
                0x20003050       0x10 C:/STM32v2/Objects/Ram/board.o
                0x20003050                boardInit
 *(.rodata)
 .rodata        0x20003060        0x4 build/obj/comms.o
 *fill*         0x20003064        0xc 
 .rodata        0x20003070        0x8 C:/STM32v2/Objects/Ram/chsys.o
 *(.rodata.*)
 *fill*         0x20003078        0x8 
 .rodata.gpt5cfg
                0x20003080        0xc build/obj/Base.o
 *fill*         0x2000308c        0x4 
 .rodata.gpt9cfg
                0x20003090        0xc build/obj/Base.o
 *fill*         0x2000309c        0x4 
 .rodata.ch_debug
                0x200030a0       0x18 C:/STM32v2/Objects/Ram/chregistry.o
                0x200030a0                ch_debug
 *fill*         0x200030b8        0x8 
 .rodata.vmt    0x200030c0       0x20 C:/STM32v2/Objects/Ram/serial.o
 .rodata._stm32_dma_streams
                0x200030e0       0xc0 C:/STM32v2/Objects/Ram/stm32_dma.o
                0x200030e0                _stm32_dma_streams
 .rodata.pal_default_config
                0x200031a0       0xfc C:/STM32v2/Objects/Ram/board.o
                0x200031a0                pal_default_config
 *(.glue_7t)
 .glue_7t       0x00000000        0x0 linker stubs
 *(.glue_7)
 .glue_7        0x00000000        0x0 linker stubs
 *(.gcc*)

.vfp11_veneer   0x2000329c        0x0
 .vfp11_veneer  0x00000000        0x0 linker stubs

.v4_bx          0x2000329c        0x0
 .v4_bx         0x00000000        0x0 linker stubs

.iplt           0x2000329c        0x0
 .iplt          0x00000000        0x0 build/obj/Base.o

.rel.dyn        0x2000329c        0x0
 .rel.iplt      0x00000000        0x0 build/obj/Base.o

.ARM.extab
 *(.ARM.extab* .gnu.linkonce.armextab.*)

.ARM.exidx      0x2000329c        0x0
                0x2000329c                PROVIDE (__exidx_start, .)
 *(.ARM.exidx* .gnu.linkonce.armexidx.*)
                0x2000329c                PROVIDE (__exidx_end, .)

.eh_frame_hdr
 *(.eh_frame_hdr)

.eh_frame
 *(.eh_frame)

.textalign      0x2000329c        0x4
                0x200032a0                . = ALIGN (0x8)
 *fill*         0x2000329c        0x4 
                0x200032a0                . = ALIGN (0x4)
                0x200032a0                _etext = .
                0x200032a0                _textdata = _etext

.stacks         0x20010000      0x800
                0x20010000                . = ALIGN (0x8)
                0x20010000                __main_stack_base__ = .
                0x20010400                . = (. + __main_stack_size__)
 *fill*         0x20010000      0x400 
                0x20010400                . = ALIGN (0x8)
                0x20010400                __main_stack_end__ = .
                0x20010400                __process_stack_base__ = .
                0x20010400                __main_thread_stack_base__ = .
                0x20010800                . = (. + __process_stack_size__)
 *fill*         0x20010400      0x400 
                0x20010800                . = ALIGN (0x8)
                0x20010800                __process_stack_end__ = .
                0x20010800                __main_thread_stack_end__ = .

.data           0x20010800        0x4 load address 0x200032a0
                0x20010800                . = ALIGN (0x4)
                0x20010800                PROVIDE (_data, .)
 *(.data)
                0x20010800                . = ALIGN (0x4)
 *(.data.*)
 .data.current_pos
                0x20010800        0x4 build/obj/comms.o
                0x20010800                current_pos
                0x20010804                . = ALIGN (0x4)
 *(.ramtext)
                0x20010804                . = ALIGN (0x4)
                0x20010804                PROVIDE (_edata, .)

.igot.plt       0x20010804        0x0 load address 0x200032a4
 .igot.plt      0x00000000        0x0 build/obj/Base.o

.bss            0x20010808      0x6c4 load address 0x200032a4
                0x20010808                . = ALIGN (0x4)
                0x20010808                PROVIDE (_bss_start, .)
 *(.bss)
                0x20010808                . = ALIGN (0x4)
 *(.bss.*)
 .bss.clkThread
                0x20010808      0x1b0 build/obj/comms.o
 .bss.semafC    0x200109b8        0xc build/obj/comms.o
                0x200109b8                semafC
 .bss.clk_generate
                0x200109c4        0x4 build/obj/comms.o
                0x200109c4                clk_generate
 .bss.received_message
                0x200109c8      0x100 build/obj/comms.o
                0x200109c8                received_message
 .bss.count     0x20010ac8        0x4 build/obj/encoder.o
                0x20010ac8                count
 .bss.switchFlag
                0x20010acc        0x4 build/obj/int.o
                0x20010acc                switchFlag
 .bss._idle_thread_wa
                0x20010ad0      0x140 C:/STM32v2/Objects/Ram/chsys.o
                0x20010ad0                _idle_thread_wa
 .bss.mainthread.4827
                0x20010c10       0x44 C:/STM32v2/Objects/Ram/chsys.o
 .bss.vtlist    0x20010c54       0x10 C:/STM32v2/Objects/Ram/chvt.o
                0x20010c54                vtlist
 .bss.rlist     0x20010c64       0x1c C:/STM32v2/Objects/Ram/chschd.o
                0x20010c64                rlist
 .bss.nextmem   0x20010c80        0x4 C:/STM32v2/Objects/Ram/chmemcore.o
 .bss.endmem    0x20010c84        0x4 C:/STM32v2/Objects/Ram/chmemcore.o
 .bss.default_heap
                0x20010c88       0x20 C:/STM32v2/Objects/Ram/chheap.o
 .bss.dma_streams_mask
                0x20010ca8        0x4 C:/STM32v2/Objects/Ram/stm32_dma.o
 .bss.dma_isr_redir
                0x20010cac       0x80 C:/STM32v2/Objects/Ram/stm32_dma.o
 .bss.ADCD1     0x20010d2c       0x34 C:/STM32v2/Objects/Ram/adc_lld.o
                0x20010d2c                ADCD1
 .bss.ADCD2     0x20010d60       0x34 C:/STM32v2/Objects/Ram/adc_lld.o
                0x20010d60                ADCD2
 .bss.SPID1     0x20010d94       0x30 C:/STM32v2/Objects/Ram/spi_lld.o
                0x20010d94                SPID1
 .bss.SPID2     0x20010dc4       0x30 C:/STM32v2/Objects/Ram/spi_lld.o
                0x20010dc4                SPID2
 .bss.dummytx   0x20010df4        0x2 C:/STM32v2/Objects/Ram/spi_lld.o
 *fill*         0x20010df6        0x2 
 .bss.GPTD5     0x20010df8       0x10 C:/STM32v2/Objects/Ram/gpt_lld.o
                0x20010df8                GPTD5
 .bss.GPTD9     0x20010e08       0x10 C:/STM32v2/Objects/Ram/gpt_lld.o
                0x20010e08                GPTD9
 .bss.PWMD2     0x20010e18       0x14 C:/STM32v2/Objects/Ram/pwm_lld.o
                0x20010e18                PWMD2
 .bss.PWMD3     0x20010e2c       0x14 C:/STM32v2/Objects/Ram/pwm_lld.o
                0x20010e2c                PWMD3
 .bss.PWMD4     0x20010e40       0x14 C:/STM32v2/Objects/Ram/pwm_lld.o
                0x20010e40                PWMD4
 .bss.SD2       0x20010e54       0x78 C:/STM32v2/Objects/Ram/serial_lld.o
                0x20010e54                SD2
                0x20010ecc                . = ALIGN (0x4)
 *(COMMON)
                0x20010ecc                . = ALIGN (0x4)
                0x20010ecc                PROVIDE (_bss_end, .)
                0x20010ecc                PROVIDE (end, .)
                0x20010ecc                _end = .
                0x20010ecc                __heap_base__ = _end
                0x2001c000                __heap_end__ = __ram_end__
OUTPUT(build/ch.elf elf32-littlearm)

.debug_info     0x00000000    0x116a7
 .debug_info    0x00000000      0x3a7 build/obj/Base.o
 .debug_info    0x000003a7      0xd4d build/obj/comms.o
 .debug_info    0x000010f4      0x6b9 build/obj/encoder.o
 .debug_info    0x000017ad      0x6d0 build/obj/int.o
 .debug_info    0x00001e7d      0x455 build/obj/lcd.o
 .debug_info    0x000022d2      0x1ec build/obj/main.o
 .debug_info    0x000024be      0x295 C:/STM32v2/Objects/Ram/crt0.o
 .debug_info    0x00002753      0x1c9 C:/STM32v2/Objects/Ram/vectors.o
 .debug_info    0x0000291c      0x972 C:/STM32v2/Objects/Ram/chcore_v7m.o
 .debug_info    0x0000328e      0x3fa C:/STM32v2/Objects/Ram/nvic.o
 .debug_info    0x00003688      0x7f3 C:/STM32v2/Objects/Ram/chsys.o
 .debug_info    0x00003e7b      0x1ff C:/STM32v2/Objects/Ram/chvt.o
 .debug_info    0x0000407a      0x7ee C:/STM32v2/Objects/Ram/chschd.o
 .debug_info    0x00004868      0xa66 C:/STM32v2/Objects/Ram/chthreads.o
 .debug_info    0x000052ce      0x6b6 C:/STM32v2/Objects/Ram/chregistry.o
 .debug_info    0x00005984      0x916 C:/STM32v2/Objects/Ram/chsem.o
 .debug_info    0x0000629a      0x85d C:/STM32v2/Objects/Ram/chmtx.o
 .debug_info    0x00006af7      0xcde C:/STM32v2/Objects/Ram/chevents.o
 .debug_info    0x000077d5      0xac6 C:/STM32v2/Objects/Ram/chqueues.o
 .debug_info    0x0000829b      0x1da C:/STM32v2/Objects/Ram/chmemcore.o
 .debug_info    0x00008475      0x6c7 C:/STM32v2/Objects/Ram/chheap.o
 .debug_info    0x00008b3c      0x2ed C:/STM32v2/Objects/Ram/hal.o
 .debug_info    0x00008e29      0xc7e C:/STM32v2/Objects/Ram/adc.o
 .debug_info    0x00009aa7      0x62e C:/STM32v2/Objects/Ram/gpt.o
 .debug_info    0x0000a0d5      0x5c9 C:/STM32v2/Objects/Ram/pwm.o
 .debug_info    0x0000a69e      0xc8a C:/STM32v2/Objects/Ram/serial.o
 .debug_info    0x0000b328      0xe70 C:/STM32v2/Objects/Ram/spi.o
 .debug_info    0x0000c198      0x98c C:/STM32v2/Objects/Ram/stm32_dma.o
 .debug_info    0x0000cb24      0x471 C:/STM32v2/Objects/Ram/hal_lld.o
 .debug_info    0x0000cf95     0x1060 C:/STM32v2/Objects/Ram/adc_lld.o
 .debug_info    0x0000dff5      0x5b5 C:/STM32v2/Objects/Ram/pal_lld.o
 .debug_info    0x0000e5aa      0xdb2 C:/STM32v2/Objects/Ram/spi_lld.o
 .debug_info    0x0000f35c      0x87c C:/STM32v2/Objects/Ram/gpt_lld.o
 .debug_info    0x0000fbd8      0x945 C:/STM32v2/Objects/Ram/pwm_lld.o
 .debug_info    0x0001051d      0xfb0 C:/STM32v2/Objects/Ram/serial_lld.o
 .debug_info    0x000114cd      0x1da C:/STM32v2/Objects/Ram/board.o

.debug_abbrev   0x00000000     0x3843
 .debug_abbrev  0x00000000      0x12e build/obj/Base.o
 .debug_abbrev  0x0000012e      0x22d build/obj/comms.o
 .debug_abbrev  0x0000035b      0x11f build/obj/encoder.o
 .debug_abbrev  0x0000047a      0x148 build/obj/int.o
 .debug_abbrev  0x000005c2      0x196 build/obj/lcd.o
 .debug_abbrev  0x00000758       0xd7 build/obj/main.o
 .debug_abbrev  0x0000082f       0xc3 C:/STM32v2/Objects/Ram/crt0.o
 .debug_abbrev  0x000008f2       0xad C:/STM32v2/Objects/Ram/vectors.o
 .debug_abbrev  0x0000099f      0x1ad C:/STM32v2/Objects/Ram/chcore_v7m.o
 .debug_abbrev  0x00000b4c      0x10c C:/STM32v2/Objects/Ram/nvic.o
 .debug_abbrev  0x00000c58      0x189 C:/STM32v2/Objects/Ram/chsys.o
 .debug_abbrev  0x00000de1       0xf7 C:/STM32v2/Objects/Ram/chvt.o
 .debug_abbrev  0x00000ed8      0x215 C:/STM32v2/Objects/Ram/chschd.o
 .debug_abbrev  0x000010ed      0x228 C:/STM32v2/Objects/Ram/chthreads.o
 .debug_abbrev  0x00001315      0x15c C:/STM32v2/Objects/Ram/chregistry.o
 .debug_abbrev  0x00001471      0x1e6 C:/STM32v2/Objects/Ram/chsem.o
 .debug_abbrev  0x00001657      0x1f3 C:/STM32v2/Objects/Ram/chmtx.o
 .debug_abbrev  0x0000184a      0x20d C:/STM32v2/Objects/Ram/chevents.o
 .debug_abbrev  0x00001a57      0x239 C:/STM32v2/Objects/Ram/chqueues.o
 .debug_abbrev  0x00001c90      0x111 C:/STM32v2/Objects/Ram/chmemcore.o
 .debug_abbrev  0x00001da1      0x176 C:/STM32v2/Objects/Ram/chheap.o
 .debug_abbrev  0x00001f17      0x132 C:/STM32v2/Objects/Ram/hal.o
 .debug_abbrev  0x00002049      0x1fb C:/STM32v2/Objects/Ram/adc.o
 .debug_abbrev  0x00002244      0x183 C:/STM32v2/Objects/Ram/gpt.o
 .debug_abbrev  0x000023c7      0x15a C:/STM32v2/Objects/Ram/pwm.o
 .debug_abbrev  0x00002521      0x205 C:/STM32v2/Objects/Ram/serial.o
 .debug_abbrev  0x00002726      0x202 C:/STM32v2/Objects/Ram/spi.o
 .debug_abbrev  0x00002928      0x1a9 C:/STM32v2/Objects/Ram/stm32_dma.o
 .debug_abbrev  0x00002ad1      0x100 C:/STM32v2/Objects/Ram/hal_lld.o
 .debug_abbrev  0x00002bd1      0x259 C:/STM32v2/Objects/Ram/adc_lld.o
 .debug_abbrev  0x00002e2a      0x16e C:/STM32v2/Objects/Ram/pal_lld.o
 .debug_abbrev  0x00002f98      0x248 C:/STM32v2/Objects/Ram/spi_lld.o
 .debug_abbrev  0x000031e0      0x1a5 C:/STM32v2/Objects/Ram/gpt_lld.o
 .debug_abbrev  0x00003385      0x1cc C:/STM32v2/Objects/Ram/pwm_lld.o
 .debug_abbrev  0x00003551      0x232 C:/STM32v2/Objects/Ram/serial_lld.o
 .debug_abbrev  0x00003783       0xc0 C:/STM32v2/Objects/Ram/board.o

.debug_aranges  0x00000000      0xc38
 .debug_aranges
                0x00000000       0x30 build/obj/Base.o
 .debug_aranges
                0x00000030       0x58 build/obj/comms.o
 .debug_aranges
                0x00000088       0x30 build/obj/encoder.o
 .debug_aranges
                0x000000b8       0x28 build/obj/int.o
 .debug_aranges
                0x000000e0       0x70 build/obj/lcd.o
 .debug_aranges
                0x00000150       0x30 build/obj/main.o
 .debug_aranges
                0x00000180       0x38 C:/STM32v2/Objects/Ram/crt0.o
 .debug_aranges
                0x000001b8       0x20 C:/STM32v2/Objects/Ram/vectors.o
 .debug_aranges
                0x000001d8       0x50 C:/STM32v2/Objects/Ram/chcore_v7m.o
 .debug_aranges
                0x00000228       0x30 C:/STM32v2/Objects/Ram/nvic.o
 .debug_aranges
                0x00000258       0x30 C:/STM32v2/Objects/Ram/chsys.o
 .debug_aranges
                0x00000288       0x30 C:/STM32v2/Objects/Ram/chvt.o
 .debug_aranges
                0x000002b8       0x78 C:/STM32v2/Objects/Ram/chschd.o
 .debug_aranges
                0x00000330       0x88 C:/STM32v2/Objects/Ram/chthreads.o
 .debug_aranges
                0x000003b8       0x28 C:/STM32v2/Objects/Ram/chregistry.o
 .debug_aranges
                0x000003e0       0x88 C:/STM32v2/Objects/Ram/chsem.o
 .debug_aranges
                0x00000468       0x70 C:/STM32v2/Objects/Ram/chmtx.o
 .debug_aranges
                0x000004d8       0xa0 C:/STM32v2/Objects/Ram/chevents.o
 .debug_aranges
                0x00000578       0x80 C:/STM32v2/Objects/Ram/chqueues.o
 .debug_aranges
                0x000005f8       0x38 C:/STM32v2/Objects/Ram/chmemcore.o
 .debug_aranges
                0x00000630       0x40 C:/STM32v2/Objects/Ram/chheap.o
 .debug_aranges
                0x00000670       0x30 C:/STM32v2/Objects/Ram/hal.o
 .debug_aranges
                0x000006a0       0x70 C:/STM32v2/Objects/Ram/adc.o
 .debug_aranges
                0x00000710       0x78 C:/STM32v2/Objects/Ram/gpt.o
 .debug_aranges
                0x00000788       0x50 C:/STM32v2/Objects/Ram/pwm.o
 .debug_aranges
                0x000007d8       0x88 C:/STM32v2/Objects/Ram/serial.o
 .debug_aranges
                0x00000860       0x98 C:/STM32v2/Objects/Ram/spi.o
 .debug_aranges
                0x000008f8       0xb0 C:/STM32v2/Objects/Ram/stm32_dma.o
 .debug_aranges
                0x000009a8       0x30 C:/STM32v2/Objects/Ram/hal_lld.o
 .debug_aranges
                0x000009d8       0x70 C:/STM32v2/Objects/Ram/adc_lld.o
 .debug_aranges
                0x00000a48       0x30 C:/STM32v2/Objects/Ram/pal_lld.o
 .debug_aranges
                0x00000a78       0x78 C:/STM32v2/Objects/Ram/spi_lld.o
 .debug_aranges
                0x00000af0       0x60 C:/STM32v2/Objects/Ram/gpt_lld.o
 .debug_aranges
                0x00000b50       0x60 C:/STM32v2/Objects/Ram/pwm_lld.o
 .debug_aranges
                0x00000bb0       0x60 C:/STM32v2/Objects/Ram/serial_lld.o
 .debug_aranges
                0x00000c10       0x28 C:/STM32v2/Objects/Ram/board.o

.debug_ranges   0x00000000      0x9f8
 .debug_ranges  0x00000000       0x20 build/obj/Base.o
 .debug_ranges  0x00000020       0x48 build/obj/comms.o
 .debug_ranges  0x00000068       0x20 build/obj/encoder.o
 .debug_ranges  0x00000088       0x18 build/obj/int.o
 .debug_ranges  0x000000a0       0x60 build/obj/lcd.o
 .debug_ranges  0x00000100       0x20 build/obj/main.o
 .debug_ranges  0x00000120       0x28 C:/STM32v2/Objects/Ram/crt0.o
 .debug_ranges  0x00000148       0x10 C:/STM32v2/Objects/Ram/vectors.o
 .debug_ranges  0x00000158       0x40 C:/STM32v2/Objects/Ram/chcore_v7m.o
 .debug_ranges  0x00000198       0x20 C:/STM32v2/Objects/Ram/nvic.o
 .debug_ranges  0x000001b8       0x20 C:/STM32v2/Objects/Ram/chsys.o
 .debug_ranges  0x000001d8       0x20 C:/STM32v2/Objects/Ram/chvt.o
 .debug_ranges  0x000001f8       0x68 C:/STM32v2/Objects/Ram/chschd.o
 .debug_ranges  0x00000260       0x78 C:/STM32v2/Objects/Ram/chthreads.o
 .debug_ranges  0x000002d8       0x18 C:/STM32v2/Objects/Ram/chregistry.o
 .debug_ranges  0x000002f0       0x78 C:/STM32v2/Objects/Ram/chsem.o
 .debug_ranges  0x00000368       0x60 C:/STM32v2/Objects/Ram/chmtx.o
 .debug_ranges  0x000003c8       0x90 C:/STM32v2/Objects/Ram/chevents.o
 .debug_ranges  0x00000458       0x70 C:/STM32v2/Objects/Ram/chqueues.o
 .debug_ranges  0x000004c8       0x28 C:/STM32v2/Objects/Ram/chmemcore.o
 .debug_ranges  0x000004f0       0x30 C:/STM32v2/Objects/Ram/chheap.o
 .debug_ranges  0x00000520       0x20 C:/STM32v2/Objects/Ram/hal.o
 .debug_ranges  0x00000540       0x60 C:/STM32v2/Objects/Ram/adc.o
 .debug_ranges  0x000005a0       0x68 C:/STM32v2/Objects/Ram/gpt.o
 .debug_ranges  0x00000608       0x40 C:/STM32v2/Objects/Ram/pwm.o
 .debug_ranges  0x00000648       0x78 C:/STM32v2/Objects/Ram/serial.o
 .debug_ranges  0x000006c0       0x88 C:/STM32v2/Objects/Ram/spi.o
 .debug_ranges  0x00000748       0xa0 C:/STM32v2/Objects/Ram/stm32_dma.o
 .debug_ranges  0x000007e8       0x20 C:/STM32v2/Objects/Ram/hal_lld.o
 .debug_ranges  0x00000808       0x60 C:/STM32v2/Objects/Ram/adc_lld.o
 .debug_ranges  0x00000868       0x20 C:/STM32v2/Objects/Ram/pal_lld.o
 .debug_ranges  0x00000888       0x68 C:/STM32v2/Objects/Ram/spi_lld.o
 .debug_ranges  0x000008f0       0x50 C:/STM32v2/Objects/Ram/gpt_lld.o
 .debug_ranges  0x00000940       0x50 C:/STM32v2/Objects/Ram/pwm_lld.o
 .debug_ranges  0x00000990       0x50 C:/STM32v2/Objects/Ram/serial_lld.o
 .debug_ranges  0x000009e0       0x18 C:/STM32v2/Objects/Ram/board.o

.debug_line     0x00000000     0x5d7b
 .debug_line    0x00000000      0x1c9 build/obj/Base.o
 .debug_line    0x000001c9      0x373 build/obj/comms.o
 .debug_line    0x0000053c      0x1c4 build/obj/encoder.o
 .debug_line    0x00000700      0x1af build/obj/int.o
 .debug_line    0x000008af      0x2a2 build/obj/lcd.o
 .debug_line    0x00000b51      0x197 build/obj/main.o
 .debug_line    0x00000ce8      0x169 C:/STM32v2/Objects/Ram/crt0.o
 .debug_line    0x00000e51       0xf0 C:/STM32v2/Objects/Ram/vectors.o
 .debug_line    0x00000f41      0x23b C:/STM32v2/Objects/Ram/chcore_v7m.o
 .debug_line    0x0000117c      0x11b C:/STM32v2/Objects/Ram/nvic.o
 .debug_line    0x00001297      0x1e1 C:/STM32v2/Objects/Ram/chsys.o
 .debug_line    0x00001478      0x18a C:/STM32v2/Objects/Ram/chvt.o
 .debug_line    0x00001602      0x2d4 C:/STM32v2/Objects/Ram/chschd.o
 .debug_line    0x000018d6      0x338 C:/STM32v2/Objects/Ram/chthreads.o
 .debug_line    0x00001c0e      0x1f8 C:/STM32v2/Objects/Ram/chregistry.o
 .debug_line    0x00001e06      0x397 C:/STM32v2/Objects/Ram/chsem.o
 .debug_line    0x0000219d      0x2e7 C:/STM32v2/Objects/Ram/chmtx.o
 .debug_line    0x00002484      0x351 C:/STM32v2/Objects/Ram/chevents.o
 .debug_line    0x000027d5      0x386 C:/STM32v2/Objects/Ram/chqueues.o
 .debug_line    0x00002b5b      0x161 C:/STM32v2/Objects/Ram/chmemcore.o
 .debug_line    0x00002cbc      0x29c C:/STM32v2/Objects/Ram/chheap.o
 .debug_line    0x00002f58      0x283 C:/STM32v2/Objects/Ram/hal.o
 .debug_line    0x000031db      0x3d5 C:/STM32v2/Objects/Ram/adc.o
 .debug_line    0x000035b0      0x2b0 C:/STM32v2/Objects/Ram/gpt.o
 .debug_line    0x00003860      0x255 C:/STM32v2/Objects/Ram/pwm.o
 .debug_line    0x00003ab5      0x3f5 C:/STM32v2/Objects/Ram/serial.o
 .debug_line    0x00003eaa      0x4b3 C:/STM32v2/Objects/Ram/spi.o
 .debug_line    0x0000435d      0x35c C:/STM32v2/Objects/Ram/stm32_dma.o
 .debug_line    0x000046b9      0x1ff C:/STM32v2/Objects/Ram/hal_lld.o
 .debug_line    0x000048b8      0x407 C:/STM32v2/Objects/Ram/adc_lld.o
 .debug_line    0x00004cbf      0x1d9 C:/STM32v2/Objects/Ram/pal_lld.o
 .debug_line    0x00004e98      0x44d C:/STM32v2/Objects/Ram/spi_lld.o
 .debug_line    0x000052e5      0x29e C:/STM32v2/Objects/Ram/gpt_lld.o
 .debug_line    0x00005583      0x2c6 C:/STM32v2/Objects/Ram/pwm_lld.o
 .debug_line    0x00005849      0x3a9 C:/STM32v2/Objects/Ram/serial_lld.o
 .debug_line    0x00005bf2      0x189 C:/STM32v2/Objects/Ram/board.o

.debug_str      0x00000000     0x2cdb
 .debug_str     0x00000000      0x2c4 build/obj/Base.o
                                0x320 (size before relaxing)
 .debug_str     0x000002c4      0x8f2 build/obj/comms.o
                                0xb4c (size before relaxing)
 .debug_str     0x00000bb6       0x28 build/obj/encoder.o
                                0x8d4 (size before relaxing)
 .debug_str     0x00000bde       0x28 build/obj/int.o
                                0x8d5 (size before relaxing)
 .debug_str     0x00000c06       0xa5 build/obj/lcd.o
                                0x33d (size before relaxing)
 .debug_str     0x00000cab       0x21 build/obj/main.o
                                0x26d (size before relaxing)
 .debug_str     0x00000ccc      0x140 C:/STM32v2/Objects/Ram/crt0.o
                                0x303 (size before relaxing)
 .debug_str     0x00000e0c      0x149 C:/STM32v2/Objects/Ram/vectors.o
                                0x329 (size before relaxing)
 .debug_str     0x00000f55      0x196 C:/STM32v2/Objects/Ram/chcore_v7m.o
                                0x4c5 (size before relaxing)
 .debug_str     0x000010eb       0xce C:/STM32v2/Objects/Ram/nvic.o
                                0x2fb (size before relaxing)
 .debug_str     0x000011b9      0x1c3 C:/STM32v2/Objects/Ram/chsys.o
                                0x56c (size before relaxing)
 .debug_str     0x0000137c       0x52 C:/STM32v2/Objects/Ram/chvt.o
                                0x27c (size before relaxing)
 .debug_str     0x000013ce       0xf2 C:/STM32v2/Objects/Ram/chschd.o
                                0x4ca (size before relaxing)
 .debug_str     0x000014c0       0xff C:/STM32v2/Objects/Ram/chthreads.o
                                0x4e4 (size before relaxing)
 .debug_str     0x000015bf       0x55 C:/STM32v2/Objects/Ram/chregistry.o
                                0x4cd (size before relaxing)
 .debug_str     0x00001614       0xdb C:/STM32v2/Objects/Ram/chsem.o
                                0x482 (size before relaxing)
 .debug_str     0x000016ef       0xa4 C:/STM32v2/Objects/Ram/chmtx.o
                                0x42e (size before relaxing)
 .debug_str     0x00001793      0x1cc C:/STM32v2/Objects/Ram/chevents.o
                                0x554 (size before relaxing)
 .debug_str     0x0000195f      0x12c C:/STM32v2/Objects/Ram/chqueues.o
                                0x4da (size before relaxing)
 .debug_str     0x00001a8b       0x8e C:/STM32v2/Objects/Ram/chmemcore.o
                                0x271 (size before relaxing)
 .debug_str     0x00001b19       0xd1 C:/STM32v2/Objects/Ram/chheap.o
                                0x435 (size before relaxing)
 .debug_str     0x00001bea      0x140 C:/STM32v2/Objects/Ram/hal.o
                                0x339 (size before relaxing)
 .debug_str     0x00001d2a      0x2bb C:/STM32v2/Objects/Ram/adc.o
                                0x67b (size before relaxing)
 .debug_str     0x00001fe5       0xec C:/STM32v2/Objects/Ram/gpt.o
                                0x3ac (size before relaxing)
 .debug_str     0x000020d1      0x112 C:/STM32v2/Objects/Ram/pwm.o
                                0x39e (size before relaxing)
 .debug_str     0x000021e3      0x118 C:/STM32v2/Objects/Ram/serial.o
                                0x5af (size before relaxing)
 .debug_str     0x000022fb      0x1cf C:/STM32v2/Objects/Ram/spi.o
                                0x66f (size before relaxing)
 .debug_str     0x000024ca      0x192 C:/STM32v2/Objects/Ram/stm32_dma.o
                                0xa11 (size before relaxing)
 .debug_str     0x0000265c       0xde C:/STM32v2/Objects/Ram/hal_lld.o
                                0x41d (size before relaxing)
 .debug_str     0x0000273a      0x140 C:/STM32v2/Objects/Ram/adc_lld.o
                                0xcf6 (size before relaxing)
 .debug_str     0x0000287a       0x98 C:/STM32v2/Objects/Ram/pal_lld.o
                                0x483 (size before relaxing)
 .debug_str     0x00002912      0x135 C:/STM32v2/Objects/Ram/spi_lld.o
                                0x781 (size before relaxing)
 .debug_str     0x00002a47       0xcf C:/STM32v2/Objects/Ram/gpt_lld.o
                                0x9d7 (size before relaxing)
 .debug_str     0x00002b16       0xe1 C:/STM32v2/Objects/Ram/pwm_lld.o
                                0xa0c (size before relaxing)
 .debug_str     0x00002bf7       0x9d C:/STM32v2/Objects/Ram/serial_lld.o
                                0xba3 (size before relaxing)
 .debug_str     0x00002c94       0x47 C:/STM32v2/Objects/Ram/board.o
                                0x2cc (size before relaxing)

.comment        0x00000000       0x70
 .comment       0x00000000       0x70 build/obj/Base.o
                                 0x71 (size before relaxing)
 .comment       0x00000000       0x71 build/obj/comms.o
 .comment       0x00000000       0x71 build/obj/encoder.o
 .comment       0x00000000       0x71 build/obj/int.o
 .comment       0x00000000       0x71 build/obj/lcd.o
 .comment       0x00000000       0x71 build/obj/main.o
 .comment       0x00000000       0x71 C:/STM32v2/Objects/Ram/crt0.o
 .comment       0x00000000       0x71 C:/STM32v2/Objects/Ram/vectors.o
 .comment       0x00000000       0x71 C:/STM32v2/Objects/Ram/chcore_v7m.o
 .comment       0x00000000       0x71 C:/STM32v2/Objects/Ram/nvic.o
 .comment       0x00000000       0x71 C:/STM32v2/Objects/Ram/chsys.o
 .comment       0x00000000       0x71 C:/STM32v2/Objects/Ram/chvt.o
 .comment       0x00000000       0x71 C:/STM32v2/Objects/Ram/chschd.o
 .comment       0x00000000       0x71 C:/STM32v2/Objects/Ram/chthreads.o
 .comment       0x00000000       0x71 C:/STM32v2/Objects/Ram/chregistry.o
 .comment       0x00000000       0x71 C:/STM32v2/Objects/Ram/chsem.o
 .comment       0x00000000       0x71 C:/STM32v2/Objects/Ram/chmtx.o
 .comment       0x00000000       0x71 C:/STM32v2/Objects/Ram/chevents.o
 .comment       0x00000000       0x71 C:/STM32v2/Objects/Ram/chqueues.o
 .comment       0x00000000       0x71 C:/STM32v2/Objects/Ram/chmemcore.o
 .comment       0x00000000       0x71 C:/STM32v2/Objects/Ram/chheap.o
 .comment       0x00000000       0x71 C:/STM32v2/Objects/Ram/hal.o
 .comment       0x00000000       0x71 C:/STM32v2/Objects/Ram/adc.o
 .comment       0x00000000       0x71 C:/STM32v2/Objects/Ram/gpt.o
 .comment       0x00000000       0x71 C:/STM32v2/Objects/Ram/pwm.o
 .comment       0x00000000       0x71 C:/STM32v2/Objects/Ram/serial.o
 .comment       0x00000000       0x71 C:/STM32v2/Objects/Ram/spi.o
 .comment       0x00000000       0x71 C:/STM32v2/Objects/Ram/stm32_dma.o
 .comment       0x00000000       0x71 C:/STM32v2/Objects/Ram/hal_lld.o
 .comment       0x00000000       0x71 C:/STM32v2/Objects/Ram/adc_lld.o
 .comment       0x00000000       0x71 C:/STM32v2/Objects/Ram/pal_lld.o
 .comment       0x00000000       0x71 C:/STM32v2/Objects/Ram/spi_lld.o
 .comment       0x00000000       0x71 C:/STM32v2/Objects/Ram/gpt_lld.o
 .comment       0x00000000       0x71 C:/STM32v2/Objects/Ram/pwm_lld.o
 .comment       0x00000000       0x71 C:/STM32v2/Objects/Ram/serial_lld.o
 .comment       0x00000000       0x71 C:/STM32v2/Objects/Ram/board.o

.ARM.attributes
                0x00000000       0x39
 .ARM.attributes
                0x00000000       0x39 build/obj/Base.o
 .ARM.attributes
                0x00000039       0x39 build/obj/comms.o
 .ARM.attributes
                0x00000072       0x39 build/obj/encoder.o
 .ARM.attributes
                0x000000ab       0x39 build/obj/int.o
 .ARM.attributes
                0x000000e4       0x39 build/obj/lcd.o
 .ARM.attributes
                0x0000011d       0x39 build/obj/main.o
 .ARM.attributes
                0x00000156       0x39 C:/STM32v2/Objects/Ram/crt0.o
 .ARM.attributes
                0x0000018f       0x39 C:/STM32v2/Objects/Ram/vectors.o
 .ARM.attributes
                0x000001c8       0x39 C:/STM32v2/Objects/Ram/chcore_v7m.o
 .ARM.attributes
                0x00000201       0x39 C:/STM32v2/Objects/Ram/nvic.o
 .ARM.attributes
                0x0000023a       0x39 C:/STM32v2/Objects/Ram/chsys.o
 .ARM.attributes
                0x00000273       0x39 C:/STM32v2/Objects/Ram/chvt.o
 .ARM.attributes
                0x000002ac       0x39 C:/STM32v2/Objects/Ram/chschd.o
 .ARM.attributes
                0x000002e5       0x39 C:/STM32v2/Objects/Ram/chthreads.o
 .ARM.attributes
                0x0000031e       0x39 C:/STM32v2/Objects/Ram/chregistry.o
 .ARM.attributes
                0x00000357       0x39 C:/STM32v2/Objects/Ram/chsem.o
 .ARM.attributes
                0x00000390       0x39 C:/STM32v2/Objects/Ram/chmtx.o
 .ARM.attributes
                0x000003c9       0x39 C:/STM32v2/Objects/Ram/chevents.o
 .ARM.attributes
                0x00000402       0x39 C:/STM32v2/Objects/Ram/chqueues.o
 .ARM.attributes
                0x0000043b       0x39 C:/STM32v2/Objects/Ram/chmemcore.o
 .ARM.attributes
                0x00000474       0x39 C:/STM32v2/Objects/Ram/chheap.o
 .ARM.attributes
                0x000004ad       0x39 C:/STM32v2/Objects/Ram/hal.o
 .ARM.attributes
                0x000004e6       0x39 C:/STM32v2/Objects/Ram/adc.o
 .ARM.attributes
                0x0000051f       0x39 C:/STM32v2/Objects/Ram/gpt.o
 .ARM.attributes
                0x00000558       0x39 C:/STM32v2/Objects/Ram/pwm.o
 .ARM.attributes
                0x00000591       0x39 C:/STM32v2/Objects/Ram/serial.o
 .ARM.attributes
                0x000005ca       0x39 C:/STM32v2/Objects/Ram/spi.o
 .ARM.attributes
                0x00000603       0x39 C:/STM32v2/Objects/Ram/stm32_dma.o
 .ARM.attributes
                0x0000063c       0x39 C:/STM32v2/Objects/Ram/hal_lld.o
 .ARM.attributes
                0x00000675       0x39 C:/STM32v2/Objects/Ram/adc_lld.o
 .ARM.attributes
                0x000006ae       0x39 C:/STM32v2/Objects/Ram/pal_lld.o
 .ARM.attributes
                0x000006e7       0x39 C:/STM32v2/Objects/Ram/spi_lld.o
 .ARM.attributes
                0x00000720       0x39 C:/STM32v2/Objects/Ram/gpt_lld.o
 .ARM.attributes
                0x00000759       0x39 C:/STM32v2/Objects/Ram/pwm_lld.o
 .ARM.attributes
                0x00000792       0x39 C:/STM32v2/Objects/Ram/serial_lld.o
 .ARM.attributes
                0x000007cb       0x39 C:/STM32v2/Objects/Ram/board.o

.debug_frame    0x00000000     0x1e60
 .debug_frame   0x00000000       0x64 build/obj/Base.o
 .debug_frame   0x00000064       0xe0 build/obj/comms.o
 .debug_frame   0x00000144       0x64 build/obj/encoder.o
 .debug_frame   0x000001a8       0x48 build/obj/int.o
 .debug_frame   0x000001f0      0x134 build/obj/lcd.o
 .debug_frame   0x00000324       0x64 build/obj/main.o
 .debug_frame   0x00000388       0x50 C:/STM32v2/Objects/Ram/crt0.o
 .debug_frame   0x000003d8       0x20 C:/STM32v2/Objects/Ram/vectors.o
 .debug_frame   0x000003f8       0xa0 C:/STM32v2/Objects/Ram/chcore_v7m.o
 .debug_frame   0x00000498       0x64 C:/STM32v2/Objects/Ram/nvic.o
 .debug_frame   0x000004fc       0x5c C:/STM32v2/Objects/Ram/chsys.o
 .debug_frame   0x00000558       0x48 C:/STM32v2/Objects/Ram/chvt.o
 .debug_frame   0x000005a0      0x13c C:/STM32v2/Objects/Ram/chschd.o
 .debug_frame   0x000006dc      0x178 C:/STM32v2/Objects/Ram/chthreads.o
 .debug_frame   0x00000854       0x40 C:/STM32v2/Objects/Ram/chregistry.o
 .debug_frame   0x00000894      0x178 C:/STM32v2/Objects/Ram/chsem.o
 .debug_frame   0x00000a0c      0x11c C:/STM32v2/Objects/Ram/chmtx.o
 .debug_frame   0x00000b28      0x1bc C:/STM32v2/Objects/Ram/chevents.o
 .debug_frame   0x00000ce4      0x15c C:/STM32v2/Objects/Ram/chqueues.o
 .debug_frame   0x00000e40       0x60 C:/STM32v2/Objects/Ram/chmemcore.o
 .debug_frame   0x00000ea0       0x9c C:/STM32v2/Objects/Ram/chheap.o
 .debug_frame   0x00000f3c       0x5c C:/STM32v2/Objects/Ram/hal.o
 .debug_frame   0x00000f98      0x144 C:/STM32v2/Objects/Ram/adc.o
 .debug_frame   0x000010dc      0x150 C:/STM32v2/Objects/Ram/gpt.o
 .debug_frame   0x0000122c       0xc4 C:/STM32v2/Objects/Ram/pwm.o
 .debug_frame   0x000012f0      0x198 C:/STM32v2/Objects/Ram/serial.o
 .debug_frame   0x00001488      0x1d0 C:/STM32v2/Objects/Ram/spi.o
 .debug_frame   0x00001658      0x21c C:/STM32v2/Objects/Ram/stm32_dma.o
 .debug_frame   0x00001874       0x4c C:/STM32v2/Objects/Ram/hal_lld.o
 .debug_frame   0x000018c0      0x104 C:/STM32v2/Objects/Ram/adc_lld.o
 .debug_frame   0x000019c4       0x54 C:/STM32v2/Objects/Ram/pal_lld.o
 .debug_frame   0x00001a18      0x128 C:/STM32v2/Objects/Ram/spi_lld.o
 .debug_frame   0x00001b40       0xf4 C:/STM32v2/Objects/Ram/gpt_lld.o
 .debug_frame   0x00001c34       0xfc C:/STM32v2/Objects/Ram/pwm_lld.o
 .debug_frame   0x00001d30       0xf4 C:/STM32v2/Objects/Ram/serial_lld.o
 .debug_frame   0x00001e24       0x3c C:/STM32v2/Objects/Ram/board.o

Cross Reference Table

Symbol                                            File
ADCD1                                             C:/STM32v2/Objects/Ram/adc_lld.o
ADCD2                                             C:/STM32v2/Objects/Ram/adc_lld.o
BusFaultVector                                    C:/STM32v2/Objects/Ram/vectors.o
DebugMonitorVector                                C:/STM32v2/Objects/Ram/vectors.o
GPIO_ModePushPull                                 build/obj/lcd.o
GPTD5                                             C:/STM32v2/Objects/Ram/gpt_lld.o
                                                  build/obj/Base.o
GPTD9                                             C:/STM32v2/Objects/Ram/gpt_lld.o
                                                  build/obj/Base.o
HardFaultVector                                   C:/STM32v2/Objects/Ram/vectors.o
LCD_Backlight                                     build/obj/lcd.o
                                                  build/obj/mutexes.o
LCD_ClearDisplay                                  build/obj/lcd.o
                                                  build/obj/mutexes.o
LCD_Config                                        build/obj/lcd.o
LCD_CustomChar                                    build/obj/lcd.o
LCD_GotoXY                                        build/obj/lcd.o
                                                  build/obj/mutexes.o
                                                  build/obj/int.o
                                                  build/obj/accel.o
LCD_Init                                          build/obj/lcd.o
                                                  build/obj/mutexes.o
                                                  build/obj/comms.o
LCD_SendChar                                      build/obj/lcd.o
                                                  build/obj/mutexes.o
                                                  build/obj/comms.o
                                                  build/obj/accel.o
LCD_SendString                                    build/obj/lcd.o
                                                  build/obj/int.o
                                                  build/obj/comms.o
MemManageVector                                   C:/STM32v2/Objects/Ram/vectors.o
NMIVector                                         C:/STM32v2/Objects/Ram/vectors.o
PWMD2                                             C:/STM32v2/Objects/Ram/pwm_lld.o
PWMD3                                             C:/STM32v2/Objects/Ram/pwm_lld.o
PWMD4                                             C:/STM32v2/Objects/Ram/pwm_lld.o
PendSVVector                                      C:/STM32v2/Objects/Ram/vectors.o
ResetHandler                                      C:/STM32v2/Objects/Ram/crt0.o
                                                  C:/STM32v2/Objects/Ram/vectors.o
SD2                                               C:/STM32v2/Objects/Ram/serial_lld.o
SPID1                                             C:/STM32v2/Objects/Ram/spi_lld.o
SPID2                                             C:/STM32v2/Objects/Ram/spi_lld.o
SVCallVector                                      C:/STM32v2/Objects/Ram/chcore_v7m.o
                                                  C:/STM32v2/Objects/Ram/vectors.o
SysTickVector                                     C:/STM32v2/Objects/Ram/chcore_v7m.o
                                                  C:/STM32v2/Objects/Ram/vectors.o
UsageFaultVector                                  C:/STM32v2/Objects/Ram/vectors.o
Vector100                                         C:/STM32v2/Objects/Ram/vectors.o
Vector104                                         C:/STM32v2/Objects/Ram/vectors.o
Vector108                                         C:/STM32v2/Objects/Ram/gpt_lld.o
                                                  C:/STM32v2/Objects/Ram/vectors.o
Vector10C                                         C:/STM32v2/Objects/Ram/vectors.o
Vector110                                         C:/STM32v2/Objects/Ram/vectors.o
Vector114                                         C:/STM32v2/Objects/Ram/vectors.o
Vector118                                         C:/STM32v2/Objects/Ram/vectors.o
Vector11C                                         C:/STM32v2/Objects/Ram/vectors.o
Vector120                                         C:/STM32v2/Objects/Ram/stm32_dma.o
                                                  C:/STM32v2/Objects/Ram/vectors.o
Vector124                                         C:/STM32v2/Objects/Ram/stm32_dma.o
                                                  C:/STM32v2/Objects/Ram/vectors.o
Vector128                                         C:/STM32v2/Objects/Ram/stm32_dma.o
                                                  C:/STM32v2/Objects/Ram/vectors.o
Vector12C                                         C:/STM32v2/Objects/Ram/stm32_dma.o
                                                  C:/STM32v2/Objects/Ram/vectors.o
Vector130                                         C:/STM32v2/Objects/Ram/stm32_dma.o
                                                  C:/STM32v2/Objects/Ram/vectors.o
Vector134                                         C:/STM32v2/Objects/Ram/vectors.o
Vector138                                         C:/STM32v2/Objects/Ram/vectors.o
Vector13C                                         C:/STM32v2/Objects/Ram/vectors.o
Vector140                                         C:/STM32v2/Objects/Ram/vectors.o
Vector144                                         C:/STM32v2/Objects/Ram/vectors.o
Vector148                                         C:/STM32v2/Objects/Ram/vectors.o
Vector14C                                         C:/STM32v2/Objects/Ram/vectors.o
Vector150                                         C:/STM32v2/Objects/Ram/stm32_dma.o
                                                  C:/STM32v2/Objects/Ram/vectors.o
Vector154                                         C:/STM32v2/Objects/Ram/stm32_dma.o
                                                  C:/STM32v2/Objects/Ram/vectors.o
Vector158                                         C:/STM32v2/Objects/Ram/stm32_dma.o
                                                  C:/STM32v2/Objects/Ram/vectors.o
Vector15C                                         C:/STM32v2/Objects/Ram/vectors.o
Vector160                                         C:/STM32v2/Objects/Ram/vectors.o
Vector164                                         C:/STM32v2/Objects/Ram/vectors.o
Vector168                                         C:/STM32v2/Objects/Ram/vectors.o
Vector16C                                         C:/STM32v2/Objects/Ram/vectors.o
Vector170                                         C:/STM32v2/Objects/Ram/vectors.o
Vector174                                         C:/STM32v2/Objects/Ram/vectors.o
Vector178                                         C:/STM32v2/Objects/Ram/vectors.o
Vector17C                                         C:/STM32v2/Objects/Ram/vectors.o
Vector180                                         C:/STM32v2/Objects/Ram/vectors.o
Vector184                                         C:/STM32v2/Objects/Ram/vectors.o
Vector1C                                          C:/STM32v2/Objects/Ram/vectors.o
Vector20                                          C:/STM32v2/Objects/Ram/vectors.o
Vector24                                          C:/STM32v2/Objects/Ram/vectors.o
Vector28                                          C:/STM32v2/Objects/Ram/vectors.o
Vector34                                          C:/STM32v2/Objects/Ram/vectors.o
Vector40                                          C:/STM32v2/Objects/Ram/vectors.o
Vector44                                          C:/STM32v2/Objects/Ram/vectors.o
Vector48                                          C:/STM32v2/Objects/Ram/vectors.o
Vector4C                                          C:/STM32v2/Objects/Ram/vectors.o
Vector50                                          C:/STM32v2/Objects/Ram/vectors.o
Vector54                                          C:/STM32v2/Objects/Ram/vectors.o
Vector58                                          build/obj/int.o
Vector5C                                          build/obj/encoder.o
Vector60                                          C:/STM32v2/Objects/Ram/vectors.o
Vector64                                          build/obj/encoder.o
Vector68                                          C:/STM32v2/Objects/Ram/vectors.o
Vector6C                                          C:/STM32v2/Objects/Ram/stm32_dma.o
                                                  C:/STM32v2/Objects/Ram/vectors.o
Vector70                                          C:/STM32v2/Objects/Ram/stm32_dma.o
                                                  C:/STM32v2/Objects/Ram/vectors.o
Vector74                                          C:/STM32v2/Objects/Ram/stm32_dma.o
                                                  C:/STM32v2/Objects/Ram/vectors.o
Vector78                                          C:/STM32v2/Objects/Ram/stm32_dma.o
                                                  C:/STM32v2/Objects/Ram/vectors.o
Vector7C                                          C:/STM32v2/Objects/Ram/stm32_dma.o
                                                  C:/STM32v2/Objects/Ram/vectors.o
Vector80                                          C:/STM32v2/Objects/Ram/stm32_dma.o
                                                  C:/STM32v2/Objects/Ram/vectors.o
Vector84                                          C:/STM32v2/Objects/Ram/stm32_dma.o
                                                  C:/STM32v2/Objects/Ram/vectors.o
Vector88                                          C:/STM32v2/Objects/Ram/adc_lld.o
                                                  C:/STM32v2/Objects/Ram/vectors.o
Vector8C                                          C:/STM32v2/Objects/Ram/vectors.o
Vector90                                          C:/STM32v2/Objects/Ram/vectors.o
Vector94                                          C:/STM32v2/Objects/Ram/vectors.o
Vector98                                          C:/STM32v2/Objects/Ram/vectors.o
Vector9C                                          build/obj/comms.o
VectorA0                                          C:/STM32v2/Objects/Ram/gpt_lld.o
                                                  C:/STM32v2/Objects/Ram/vectors.o
VectorA4                                          C:/STM32v2/Objects/Ram/vectors.o
VectorA8                                          C:/STM32v2/Objects/Ram/vectors.o
VectorAC                                          C:/STM32v2/Objects/Ram/vectors.o
VectorB0                                          C:/STM32v2/Objects/Ram/pwm_lld.o
                                                  C:/STM32v2/Objects/Ram/vectors.o
VectorB4                                          C:/STM32v2/Objects/Ram/pwm_lld.o
                                                  C:/STM32v2/Objects/Ram/vectors.o
VectorB8                                          C:/STM32v2/Objects/Ram/pwm_lld.o
                                                  C:/STM32v2/Objects/Ram/vectors.o
VectorBC                                          C:/STM32v2/Objects/Ram/vectors.o
VectorC0                                          C:/STM32v2/Objects/Ram/vectors.o
VectorC4                                          C:/STM32v2/Objects/Ram/vectors.o
VectorC8                                          C:/STM32v2/Objects/Ram/vectors.o
VectorCC                                          C:/STM32v2/Objects/Ram/vectors.o
VectorD0                                          C:/STM32v2/Objects/Ram/vectors.o
VectorD4                                          C:/STM32v2/Objects/Ram/vectors.o
VectorD8                                          C:/STM32v2/Objects/Ram/serial_lld.o
                                                  C:/STM32v2/Objects/Ram/vectors.o
VectorDC                                          C:/STM32v2/Objects/Ram/vectors.o
VectorE0                                          build/obj/comms.o
VectorE4                                          C:/STM32v2/Objects/Ram/vectors.o
VectorE8                                          C:/STM32v2/Objects/Ram/vectors.o
VectorEC                                          C:/STM32v2/Objects/Ram/vectors.o
VectorF0                                          C:/STM32v2/Objects/Ram/vectors.o
VectorF4                                          C:/STM32v2/Objects/Ram/vectors.o
VectorF8                                          C:/STM32v2/Objects/Ram/vectors.o
VectorFC                                          C:/STM32v2/Objects/Ram/stm32_dma.o
                                                  C:/STM32v2/Objects/Ram/vectors.o
__early_init                                      C:/STM32v2/Objects/Ram/board.o
                                                  C:/STM32v2/Objects/Ram/crt0.o
__fini_array_end                                  C:/STM32v2/Objects/Ram/crt0.o
__fini_array_start                                C:/STM32v2/Objects/Ram/crt0.o
__heap_base__                                     C:/STM32v2/Objects/Ram/chmemcore.o
__heap_end__                                      C:/STM32v2/Objects/Ram/chmemcore.o
__init_array_end                                  C:/STM32v2/Objects/Ram/crt0.o
__init_array_start                                C:/STM32v2/Objects/Ram/crt0.o
__late_init                                       C:/STM32v2/Objects/Ram/crt0.o
__main_stack_base__                               C:/STM32v2/Objects/Ram/crt0.o
__main_stack_end__                                C:/STM32v2/Objects/Ram/vectors.o
                                                  C:/STM32v2/Objects/Ram/crt0.o
__process_stack_base__                            C:/STM32v2/Objects/Ram/crt0.o
__process_stack_end__                             C:/STM32v2/Objects/Ram/crt0.o
_bss_end                                          C:/STM32v2/Objects/Ram/crt0.o
_bss_start                                        C:/STM32v2/Objects/Ram/crt0.o
_core_init                                        C:/STM32v2/Objects/Ram/chmemcore.o
                                                  C:/STM32v2/Objects/Ram/chsys.o
_data                                             C:/STM32v2/Objects/Ram/crt0.o
_default_exit                                     C:/STM32v2/Objects/Ram/crt0.o
_edata                                            C:/STM32v2/Objects/Ram/crt0.o
_heap_init                                        C:/STM32v2/Objects/Ram/chheap.o
                                                  C:/STM32v2/Objects/Ram/chsys.o
_idle_thread                                      C:/STM32v2/Objects/Ram/chsys.o
_idle_thread_wa                                   C:/STM32v2/Objects/Ram/chsys.o
_pal_lld_init                                     C:/STM32v2/Objects/Ram/pal_lld.o
                                                  C:/STM32v2/Objects/Ram/hal.o
_pal_lld_setgroupmode                             C:/STM32v2/Objects/Ram/pal_lld.o
                                                  C:/STM32v2/Objects/Ram/pal.o
_port_init                                        C:/STM32v2/Objects/Ram/chcore_v7m.o
                                                  C:/STM32v2/Objects/Ram/chsys.o
_port_irq_epilogue                                C:/STM32v2/Objects/Ram/chcore_v7m.o
                                                  C:/STM32v2/Objects/Ram/serial_lld.o
                                                  C:/STM32v2/Objects/Ram/pwm_lld.o
                                                  C:/STM32v2/Objects/Ram/gpt_lld.o
                                                  C:/STM32v2/Objects/Ram/adc_lld.o
                                                  C:/STM32v2/Objects/Ram/stm32_dma.o
                                                  build/obj/int.o
                                                  build/obj/encoder.o
                                                  build/obj/comms.o
_port_switch                                      C:/STM32v2/Objects/Ram/chcore_v7m.o
                                                  C:/STM32v2/Objects/Ram/chschd.o
_port_switch_from_isr                             C:/STM32v2/Objects/Ram/chcore_v7m.o
_port_thread_start                                C:/STM32v2/Objects/Ram/chcore_v7m.o
                                                  C:/STM32v2/Objects/Ram/chthreads.o
_scheduler_init                                   C:/STM32v2/Objects/Ram/chschd.o
                                                  C:/STM32v2/Objects/Ram/chsys.o
_stm32_dma_streams                                C:/STM32v2/Objects/Ram/stm32_dma.o
                                                  C:/STM32v2/Objects/Ram/spi_lld.o
                                                  C:/STM32v2/Objects/Ram/adc_lld.o
_textdata                                         C:/STM32v2/Objects/Ram/crt0.o
_thread_init                                      C:/STM32v2/Objects/Ram/chthreads.o
                                                  C:/STM32v2/Objects/Ram/chsys.o
_unhandled_exception                              C:/STM32v2/Objects/Ram/vectors.o
_vectors                                          C:/STM32v2/Objects/Ram/vectors.o
_vt_init                                          C:/STM32v2/Objects/Ram/chvt.o
                                                  C:/STM32v2/Objects/Ram/chsys.o
adcAcquireBus                                     C:/STM32v2/Objects/Ram/adc.o
adcConvert                                        C:/STM32v2/Objects/Ram/adc.o
adcInit                                           C:/STM32v2/Objects/Ram/adc.o
                                                  C:/STM32v2/Objects/Ram/hal.o
adcObjectInit                                     C:/STM32v2/Objects/Ram/adc.o
                                                  C:/STM32v2/Objects/Ram/adc_lld.o
adcReleaseBus                                     C:/STM32v2/Objects/Ram/adc.o
adcSTM32DisableTSVREFE                            C:/STM32v2/Objects/Ram/adc_lld.o
adcSTM32DisableVBATE                              C:/STM32v2/Objects/Ram/adc_lld.o
adcSTM32EnableTSVREFE                             C:/STM32v2/Objects/Ram/adc_lld.o
adcSTM32EnableVBATE                               C:/STM32v2/Objects/Ram/adc_lld.o
adcStart                                          C:/STM32v2/Objects/Ram/adc.o
adcStartConversion                                C:/STM32v2/Objects/Ram/adc.o
adcStartConversionI                               C:/STM32v2/Objects/Ram/adc.o
adcStop                                           C:/STM32v2/Objects/Ram/adc.o
adcStopConversion                                 C:/STM32v2/Objects/Ram/adc.o
adcStopConversionI                                C:/STM32v2/Objects/Ram/adc.o
adc_lld_init                                      C:/STM32v2/Objects/Ram/adc_lld.o
                                                  C:/STM32v2/Objects/Ram/adc.o
adc_lld_start                                     C:/STM32v2/Objects/Ram/adc_lld.o
                                                  C:/STM32v2/Objects/Ram/adc.o
adc_lld_start_conversion                          C:/STM32v2/Objects/Ram/adc_lld.o
                                                  C:/STM32v2/Objects/Ram/adc.o
adc_lld_stop                                      C:/STM32v2/Objects/Ram/adc_lld.o
                                                  C:/STM32v2/Objects/Ram/adc.o
adc_lld_stop_conversion                           C:/STM32v2/Objects/Ram/adc_lld.o
                                                  C:/STM32v2/Objects/Ram/adc.o
baseInit                                          build/obj/Base.o
                                                  build/obj/main.o
                                                  build/obj/mutexes.o
                                                  build/obj/process.o
boardInit                                         C:/STM32v2/Objects/Ram/board.o
                                                  C:/STM32v2/Objects/Ram/hal.o
busyWait                                          build/obj/process.o
chCondBroadcast                                   C:/STM32v2/Objects/Ram/chcond.o
chCondBroadcastI                                  C:/STM32v2/Objects/Ram/chcond.o
chCondInit                                        C:/STM32v2/Objects/Ram/chcond.o
chCondSignal                                      C:/STM32v2/Objects/Ram/chcond.o
chCondSignalI                                     C:/STM32v2/Objects/Ram/chcond.o
chCondWait                                        C:/STM32v2/Objects/Ram/chcond.o
chCondWaitS                                       C:/STM32v2/Objects/Ram/chcond.o
chCondWaitTimeout                                 C:/STM32v2/Objects/Ram/chcond.o
chCondWaitTimeoutS                                C:/STM32v2/Objects/Ram/chcond.o
chCoreAlloc                                       C:/STM32v2/Objects/Ram/chmemcore.o
                                                  C:/STM32v2/Objects/Ram/chheap.o
chCoreAllocI                                      C:/STM32v2/Objects/Ram/chmemcore.o
chCoreStatus                                      C:/STM32v2/Objects/Ram/chmemcore.o
chEvtAddEvents                                    C:/STM32v2/Objects/Ram/chevents.o
chEvtBroadcastFlags                               C:/STM32v2/Objects/Ram/chevents.o
chEvtBroadcastFlagsI                              C:/STM32v2/Objects/Ram/chevents.o
                                                  C:/STM32v2/Objects/Ram/serial_lld.o
                                                  C:/STM32v2/Objects/Ram/serial.o
chEvtDispatch                                     C:/STM32v2/Objects/Ram/chevents.o
chEvtGetAndClearEvents                            C:/STM32v2/Objects/Ram/chevents.o
chEvtGetAndClearFlags                             C:/STM32v2/Objects/Ram/chevents.o
chEvtGetAndClearFlagsI                            C:/STM32v2/Objects/Ram/chevents.o
chEvtRegisterMask                                 C:/STM32v2/Objects/Ram/chevents.o
chEvtSignal                                       C:/STM32v2/Objects/Ram/chevents.o
chEvtSignalI                                      C:/STM32v2/Objects/Ram/chevents.o
chEvtUnregister                                   C:/STM32v2/Objects/Ram/chevents.o
chEvtWaitAll                                      C:/STM32v2/Objects/Ram/chevents.o
chEvtWaitAllTimeout                               C:/STM32v2/Objects/Ram/chevents.o
chEvtWaitAny                                      C:/STM32v2/Objects/Ram/chevents.o
chEvtWaitAnyTimeout                               C:/STM32v2/Objects/Ram/chevents.o
chEvtWaitOne                                      C:/STM32v2/Objects/Ram/chevents.o
chEvtWaitOneTimeout                               C:/STM32v2/Objects/Ram/chevents.o
chHeapAlloc                                       C:/STM32v2/Objects/Ram/chheap.o
                                                  C:/STM32v2/Objects/Ram/chdynamic.o
chHeapFree                                        C:/STM32v2/Objects/Ram/chheap.o
                                                  C:/STM32v2/Objects/Ram/chdynamic.o
chHeapInit                                        C:/STM32v2/Objects/Ram/chheap.o
chHeapStatus                                      C:/STM32v2/Objects/Ram/chheap.o
chIQGetTimeout                                    C:/STM32v2/Objects/Ram/chqueues.o
                                                  C:/STM32v2/Objects/Ram/serial.o
chIQInit                                          C:/STM32v2/Objects/Ram/chqueues.o
                                                  C:/STM32v2/Objects/Ram/serial.o
chIQPutI                                          C:/STM32v2/Objects/Ram/chqueues.o
                                                  C:/STM32v2/Objects/Ram/serial.o
chIQReadTimeout                                   C:/STM32v2/Objects/Ram/chqueues.o
                                                  C:/STM32v2/Objects/Ram/serial.o
chIQResetI                                        C:/STM32v2/Objects/Ram/chqueues.o
                                                  C:/STM32v2/Objects/Ram/serial.o
chMBFetch                                         C:/STM32v2/Objects/Ram/chmboxes.o
chMBFetchI                                        C:/STM32v2/Objects/Ram/chmboxes.o
chMBFetchS                                        C:/STM32v2/Objects/Ram/chmboxes.o
chMBInit                                          C:/STM32v2/Objects/Ram/chmboxes.o
chMBPost                                          C:/STM32v2/Objects/Ram/chmboxes.o
chMBPostAhead                                     C:/STM32v2/Objects/Ram/chmboxes.o
chMBPostAheadI                                    C:/STM32v2/Objects/Ram/chmboxes.o
chMBPostAheadS                                    C:/STM32v2/Objects/Ram/chmboxes.o
chMBPostI                                         C:/STM32v2/Objects/Ram/chmboxes.o
chMBPostS                                         C:/STM32v2/Objects/Ram/chmboxes.o
chMBReset                                         C:/STM32v2/Objects/Ram/chmboxes.o
chMsgRelease                                      C:/STM32v2/Objects/Ram/chmsg.o
chMsgSend                                         C:/STM32v2/Objects/Ram/chmsg.o
chMsgWait                                         C:/STM32v2/Objects/Ram/chmsg.o
chMtxInit                                         C:/STM32v2/Objects/Ram/chmtx.o
                                                  C:/STM32v2/Objects/Ram/spi.o
                                                  C:/STM32v2/Objects/Ram/adc.o
                                                  C:/STM32v2/Objects/Ram/chheap.o
                                                  build/obj/mutexes.o
chMtxLock                                         C:/STM32v2/Objects/Ram/chmtx.o
                                                  C:/STM32v2/Objects/Ram/spi.o
                                                  C:/STM32v2/Objects/Ram/adc.o
                                                  C:/STM32v2/Objects/Ram/chheap.o
                                                  build/obj/mutexes.o
chMtxLockS                                        C:/STM32v2/Objects/Ram/chmtx.o
                                                  C:/STM32v2/Objects/Ram/chcond.o
chMtxTryLock                                      C:/STM32v2/Objects/Ram/chmtx.o
chMtxTryLockS                                     C:/STM32v2/Objects/Ram/chmtx.o
chMtxUnlock                                       C:/STM32v2/Objects/Ram/chmtx.o
                                                  C:/STM32v2/Objects/Ram/spi.o
                                                  C:/STM32v2/Objects/Ram/adc.o
                                                  C:/STM32v2/Objects/Ram/chheap.o
                                                  build/obj/mutexes.o
chMtxUnlockAll                                    C:/STM32v2/Objects/Ram/chmtx.o
chMtxUnlockS                                      C:/STM32v2/Objects/Ram/chmtx.o
                                                  C:/STM32v2/Objects/Ram/chcond.o
chOQGetI                                          C:/STM32v2/Objects/Ram/chqueues.o
                                                  C:/STM32v2/Objects/Ram/serial_lld.o
                                                  C:/STM32v2/Objects/Ram/serial.o
chOQInit                                          C:/STM32v2/Objects/Ram/chqueues.o
                                                  C:/STM32v2/Objects/Ram/serial.o
chOQPutTimeout                                    C:/STM32v2/Objects/Ram/chqueues.o
                                                  C:/STM32v2/Objects/Ram/serial.o
chOQResetI                                        C:/STM32v2/Objects/Ram/chqueues.o
                                                  C:/STM32v2/Objects/Ram/serial.o
chOQWriteTimeout                                  C:/STM32v2/Objects/Ram/chqueues.o
                                                  C:/STM32v2/Objects/Ram/serial.o
chPoolAlloc                                       C:/STM32v2/Objects/Ram/chmempools.o
                                                  C:/STM32v2/Objects/Ram/chdynamic.o
chPoolAllocI                                      C:/STM32v2/Objects/Ram/chmempools.o
chPoolFree                                        C:/STM32v2/Objects/Ram/chmempools.o
                                                  C:/STM32v2/Objects/Ram/chdynamic.o
chPoolFreeI                                       C:/STM32v2/Objects/Ram/chmempools.o
chPoolInit                                        C:/STM32v2/Objects/Ram/chmempools.o
chPoolLoadArray                                   C:/STM32v2/Objects/Ram/chmempools.o
chRegFirstThread                                  C:/STM32v2/Objects/Ram/chregistry.o
chRegNextThread                                   C:/STM32v2/Objects/Ram/chregistry.o
chSchDoReschedule                                 C:/STM32v2/Objects/Ram/chschd.o
                                                  C:/STM32v2/Objects/Ram/chcore_v7m.o
chSchDoRescheduleAhead                            C:/STM32v2/Objects/Ram/chschd.o
chSchDoRescheduleBehind                           C:/STM32v2/Objects/Ram/chschd.o
                                                  C:/STM32v2/Objects/Ram/chthreads.o
chSchGoSleepS                                     C:/STM32v2/Objects/Ram/chschd.o
                                                  C:/STM32v2/Objects/Ram/spi.o
                                                  C:/STM32v2/Objects/Ram/adc.o
                                                  C:/STM32v2/Objects/Ram/chmsg.o
                                                  C:/STM32v2/Objects/Ram/chevents.o
                                                  C:/STM32v2/Objects/Ram/chcond.o
                                                  C:/STM32v2/Objects/Ram/chmtx.o
                                                  C:/STM32v2/Objects/Ram/chsem.o
                                                  C:/STM32v2/Objects/Ram/chthreads.o
chSchGoSleepTimeoutS                              C:/STM32v2/Objects/Ram/chschd.o
                                                  C:/STM32v2/Objects/Ram/chqueues.o
                                                  C:/STM32v2/Objects/Ram/chevents.o
                                                  C:/STM32v2/Objects/Ram/chcond.o
                                                  C:/STM32v2/Objects/Ram/chsem.o
                                                  C:/STM32v2/Objects/Ram/chthreads.o
chSchReadyI                                       C:/STM32v2/Objects/Ram/chschd.o
                                                  C:/STM32v2/Objects/Ram/spi_lld.o
                                                  C:/STM32v2/Objects/Ram/adc_lld.o
                                                  C:/STM32v2/Objects/Ram/adc.o
                                                  C:/STM32v2/Objects/Ram/chqueues.o
                                                  C:/STM32v2/Objects/Ram/chmsg.o
                                                  C:/STM32v2/Objects/Ram/chevents.o
                                                  C:/STM32v2/Objects/Ram/chcond.o
                                                  C:/STM32v2/Objects/Ram/chmtx.o
                                                  C:/STM32v2/Objects/Ram/chsem.o
                                                  C:/STM32v2/Objects/Ram/chthreads.o
chSchRescheduleS                                  C:/STM32v2/Objects/Ram/chschd.o
                                                  C:/STM32v2/Objects/Ram/serial.o
                                                  C:/STM32v2/Objects/Ram/chmboxes.o
                                                  C:/STM32v2/Objects/Ram/chevents.o
                                                  C:/STM32v2/Objects/Ram/chcond.o
                                                  C:/STM32v2/Objects/Ram/chmtx.o
                                                  C:/STM32v2/Objects/Ram/chsem.o
                                                  C:/STM32v2/Objects/Ram/chthreads.o
                                                  build/obj/mutexes.o
                                                  build/obj/comms.o
chSchWakeupS                                      C:/STM32v2/Objects/Ram/chschd.o
                                                  C:/STM32v2/Objects/Ram/adc.o
                                                  C:/STM32v2/Objects/Ram/chmsg.o
                                                  C:/STM32v2/Objects/Ram/chcond.o
                                                  C:/STM32v2/Objects/Ram/chmtx.o
                                                  C:/STM32v2/Objects/Ram/chsem.o
                                                  C:/STM32v2/Objects/Ram/chdynamic.o
                                                  C:/STM32v2/Objects/Ram/chthreads.o
chSemAddCounterI                                  C:/STM32v2/Objects/Ram/chsem.o
chSemInit                                         C:/STM32v2/Objects/Ram/chsem.o
                                                  C:/STM32v2/Objects/Ram/chmboxes.o
                                                  build/obj/mutexes.o
                                                  build/obj/comms.o
chSemReset                                        C:/STM32v2/Objects/Ram/chsem.o
chSemResetI                                       C:/STM32v2/Objects/Ram/chsem.o
                                                  C:/STM32v2/Objects/Ram/chmboxes.o